ARM Linker, 5.03 [Build 24] [MDK-ARM Standard]

==============================================================================

Section Cross References

    stm32f10x_adc.o(.text) refers to stm32f10x_rcc.o(.text) for RCC_APB2PeriphResetCmd
    stm32f10x_bkp.o(.text) refers to stm32f10x_rcc.o(.text) for RCC_BackupResetCmd
    stm32f10x_can.o(.text) refers to stm32f10x_rcc.o(.text) for RCC_APB1PeriphResetCmd
    stm32f10x_cec.o(.text) refers to stm32f10x_rcc.o(.text) for RCC_APB1PeriphResetCmd
    stm32f10x_dac.o(.text) refers to stm32f10x_rcc.o(.text) for RCC_APB1PeriphResetCmd
    stm32f10x_gpio.o(.text) refers to stm32f10x_rcc.o(.text) for RCC_APB2PeriphResetCmd
    stm32f10x_i2c.o(.text) refers to stm32f10x_rcc.o(.text) for RCC_APB1PeriphResetCmd
    stm32f10x_pwr.o(.text) refers to stm32f10x_rcc.o(.text) for RCC_APB1PeriphResetCmd
    stm32f10x_rcc.o(.text) refers to stm32f10x_rcc.o(.data) for APBAHBPrescTable
    stm32f10x_spi.o(.text) refers to stm32f10x_rcc.o(.text) for RCC_APB2PeriphResetCmd
    stm32f10x_tim.o(.text) refers to stm32f10x_rcc.o(.text) for RCC_APB2PeriphResetCmd
    stm32f10x_usart.o(.text) refers to stm32f10x_rcc.o(.text) for RCC_APB2PeriphResetCmd
    stm32f10x_wwdg.o(.text) refers to stm32f10x_rcc.o(.text) for RCC_APB1PeriphResetCmd
    startup_stm32f10x_hd.o(STACK) refers (Special) to heapauxi.o(.text) for __use_two_region_memory
    startup_stm32f10x_hd.o(HEAP) refers (Special) to heapauxi.o(.text) for __use_two_region_memory
    startup_stm32f10x_hd.o(RESET) refers (Special) to heapauxi.o(.text) for __use_two_region_memory
    startup_stm32f10x_hd.o(RESET) refers to startup_stm32f10x_hd.o(STACK) for __initial_sp
    startup_stm32f10x_hd.o(RESET) refers to startup_stm32f10x_hd.o(.text) for Reset_Handler
    startup_stm32f10x_hd.o(RESET) refers to stm32f10x_it.o(.text) for NMI_Handler
    startup_stm32f10x_hd.o(RESET) refers to nix_core_a.o(NIX_CORE_A) for NIX_PendSvContextSwitch
    startup_stm32f10x_hd.o(.text) refers (Special) to heapauxi.o(.text) for __use_two_region_memory
    startup_stm32f10x_hd.o(.text) refers to system_stm32f10x.o(.text) for SystemInit
    startup_stm32f10x_hd.o(.text) refers to __main.o(!!!main) for __main
    startup_stm32f10x_hd.o(.text) refers to startup_stm32f10x_hd.o(HEAP) for Heap_Mem
    startup_stm32f10x_hd.o(.text) refers to startup_stm32f10x_hd.o(STACK) for Stack_Mem
    device.o(.text) refers to nix_list.o(.text) for NIX_ListInit
    device.o(.text) refers to nix_queue.o(.text) for NIX_QueCreate
    device.o(.text) refers to nix_task.o(.text) for NIX_TaskCreateHookAdd
    device.o(.text) refers to stm32f10x_rcc.o(.text) for RCC_APB2PeriphClockCmd
    device.o(.text) refers to stm32f10x_gpio.o(.text) for GPIO_Init
    device.o(.text) refers to stm32f10x_usart.o(.text) for USART_StructInit
    device.o(.text) refers to nix_chip.o(.text) for NIX_IntLock
    device.o(.text) refers to c89vsprintf.o(.text) for __c89vsprintf
    device.o(.text) refers to strlen.o(.text) for strlen
    device.o(.text) refers to device.o(.bss) for gstrBufPool
    device.o(.text) refers to test.o(.bss) for gstrSerialMsgQue
    device.o(.text) refers to test.o(.text) for TEST_TaskCreatePrint
    nix_userroot.o(.text) refers to device.o(.text) for DEV_SoftwareInit
    nix_userroot.o(.text) refers to nix_task.o(.text) for NIX_TaskCreat
    nix_userroot.o(.text) refers to nix_core_c.o(.text) for NIX_GetSystemTick
    nix_userroot.o(.text) refers to test.o(.text) for TEST_TestTask1
    nix_userroot.o(.text) refers to test.o(.data) for gpstrTask4Tcb
    stm32f10x_it.o(.text) refers to nix_chip.o(.text) for NIX_IntPendSvSet
    stm32f10x_it.o(.text) refers to nix_core_c.o(.text) for NIX_TaskTick
    system_stm32f10x.o(.text) refers to system_stm32f10x.o(.data) for SystemCoreClock
    test.o(.text) refers to unoptimize.o(.text) for DEV_DelayMs
    test.o(.text) refers to nix_core_c.o(.text) for NIX_GetSystemTick
    test.o(.text) refers to device.o(.text) for DEV_PutStrToMem
    test.o(.text) refers to nix_task.o(.text) for NIX_TaskDelay
    test.o(.text) refers to nix_queue.o(.text) for NIX_QueGet
    test.o(.text) refers to test.o(.data) for gpstrTask4Tcb
    test.o(.text) refers to test.o(.bss) for gstrSerialMsgQue
    test.o(.text) refers to device.o(.bss) for gstrBufPool
    nix_chip.o(.text) refers to nix_core_a.o(NIX_CORE_A) for NIX_TaskOccurSwi
    nix_chip.o(.text) refers to nix_task.o(.text) for NIX_TaskSelfDelete
    nix_chip.o(.text) refers to system_stm32f10x.o(.data) for SystemCoreClock
    nix_chip.o(.text) refers to nix_chip.o(.data) for guiIntLockCounter
    nix_core_a.o(NIX_CORE_A) refers to nix_core_c.o(.text) for NIX_TaskSched
    nix_core_a.o(NIX_CORE_A) refers to nix_core_c.o(.data) for gpstrCurTaskReg
    nix_core_c.o(.text) refers to nix_core_a.o(NIX_CORE_A) for NIX_SwitchToTask
    nix_core_c.o(.text) refers to nix_chip.o(.text) for NIX_SystemHardwareInit
    nix_core_c.o(.text) refers to nix_userroot.o(.text) for NIX_RootTask
[...]
    .ARM.Collect$$_printf_percent$$00000007  0x080001c8   Section       10  _printf_ll.o(.ARM.Collect$$_printf_percent$$00000007)
    .ARM.Collect$$_printf_percent$$00000008  0x080001d2   Section        6  _printf_i.o(.ARM.Collect$$_printf_percent$$00000008)
    .ARM.Collect$$_printf_percent$$00000009  0x080001d8   Section        6  _printf_d.o(.ARM.Collect$$_printf_percent$$00000009)
    .ARM.Collect$$_printf_percent$$0000000A  0x080001de   Section        6  _printf_u.o(.ARM.Collect$$_printf_percent$$0000000A)
    .ARM.Collect$$_printf_percent$$0000000B  0x080001e4   Section        6  _printf_o.o(.ARM.Collect$$_printf_percent$$0000000B)
    .ARM.Collect$$_printf_percent$$0000000C  0x080001ea   Section        6  _printf_x.o(.ARM.Collect$$_printf_percent$$0000000C)
    .ARM.Collect$$_printf_percent$$0000000D  0x080001f0   Section        6  _printf_lli.o(.ARM.Collect$$_printf_percent$$0000000D)
    .ARM.Collect$$_printf_percent$$0000000E  0x080001f6   Section        6  _printf_lld.o(.ARM.Collect$$_printf_percent$$0000000E)
    .ARM.Collect$$_printf_percent$$0000000F  0x080001fc   Section        6  _printf_llu.o(.ARM.Collect$$_printf_percent$$0000000F)
    .ARM.Collect$$_printf_percent$$00000010  0x08000202   Section        6  _printf_llo.o(.ARM.Collect$$_printf_percent$$00000010)
    .ARM.Collect$$_printf_percent$$00000011  0x08000208   Section        6  _printf_llx.o(.ARM.Collect$$_printf_percent$$00000011)
    .ARM.Collect$$_printf_percent$$00000012  0x0800020e   Section       10  _printf_l.o(.ARM.Collect$$_printf_percent$$00000012)
    .ARM.Collect$$_printf_percent$$00000013  0x08000218   Section        6  _printf_c.o(.ARM.Collect$$_printf_percent$$00000013)
    .ARM.Collect$$_printf_percent$$00000014  0x0800021e   Section        6  _printf_s.o(.ARM.Collect$$_printf_percent$$00000014)
    .ARM.Collect$$_printf_percent$$00000015  0x08000224   Section        6  _printf_lc.o(.ARM.Collect$$_printf_percent$$00000015)
    .ARM.Collect$$_printf_percent$$00000016  0x0800022a   Section        6  _printf_ls.o(.ARM.Collect$$_printf_percent$$00000016)
    .ARM.Collect$$_printf_percent$$00000017  0x08000230   Section        4  _printf_percent_end.o(.ARM.Collect$$_printf_percent$$00000017)
    .ARM.Collect$$libinit$$00000000          0x08000234   Section        2  libinit.o(.ARM.Collect$$libinit$$00000000)
    .ARM.Collect$$libinit$$00000002          0x08000236   Section        0  libinit2.o(.ARM.Collect$$libinit$$00000002)
    .ARM.Collect$$libinit$$00000003          0x08000236   Section        8  libinit2.o(.ARM.Collect$$libinit$$00000003)
    .ARM.Collect$$libinit$$00000008          0x0800023e   Section        0  libinit2.o(.ARM.Collect$$libinit$$00000008)
    .ARM.Collect$$libinit$$0000000A          0x0800023e   Section        0  libinit2.o(.ARM.Collect$$libinit$$0000000A)
    .ARM.Collect$$libinit$$0000000C          0x0800023e   Section        0  libinit2.o(.ARM.Collect$$libinit$$0000000C)
    .ARM.Collect$$libinit$$0000000D          0x0800023e   Section        6  libinit2.o(.ARM.Collect$$libinit$$0000000D)
    .ARM.Collect$$libinit$$0000000F          0x08000244   Section        0  libinit2.o(.ARM.Collect$$libinit$$0000000F)
    .ARM.Collect$$libinit$$00000010          0x08000244   Section       12  libinit2.o(.ARM.Collect$$libinit$$00000010)
    .ARM.Collect$$libinit$$00000011          0x08000250   Section        0  libinit2.o(.ARM.Collect$$libinit$$00000011)
    .ARM.Collect$$libinit$$00000013          0x08000250   Section        0  libinit2.o(.ARM.Collect$$libinit$$00000013)
    .ARM.Collect$$libinit$$00000014          0x08000250   Section       10  libinit2.o(.ARM.Collect$$libinit$$00000014)
    .ARM.Collect$$libinit$$00000015          0x0800025a   Section        0  libinit2.o(.ARM.Collect$$libinit$$00000015)
    .ARM.Collect$$libinit$$00000017          0x0800025a   Section        0  libinit2.o(.ARM.Collect$$libinit$$00000017)
    .ARM.Collect$$libinit$$00000019          0x0800025a   Section        0  libinit2.o(.ARM.Collect$$libinit$$00000019)
    .ARM.Collect$$libinit$$0000001B          0x0800025a   Section        0  libinit2.o(.ARM.Collect$$libinit$$0000001B)
    .ARM.Collect$$libinit$$0000001D          0x0800025a   Section        0  libinit2.o(.ARM.Collect$$libinit$$0000001D)
    .ARM.Collect$$libinit$$0000001F          0x0800025a   Section        0  libinit2.o(.ARM.Collect$$libinit$$0000001F)
    .ARM.Collect$$libinit$$00000021          0x0800025a   Section        0  libinit2.o(.ARM.Collect$$libinit$$00000021)
    .ARM.Collect$$libinit$$00000023          0x0800025a   Section        0  libinit2.o(.ARM.Collect$$libinit$$00000023)
    .ARM.Collect$$libinit$$0000002A          0x0800025a   Section        0  libinit2.o(.ARM.Collect$$libinit$$0000002A)
    .ARM.Collect$$libinit$$0000002C          0x0800025a   Section        0  libinit2.o(.ARM.Collect$$libinit$$0000002C)
    .ARM.Collect$$libinit$$0000002E          0x0800025a   Section        0  libinit2.o(.ARM.Collect$$libinit$$0000002E)
    .ARM.Collect$$libinit$$00000030          0x0800025a   Section        0  libinit2.o(.ARM.Collect$$libinit$$00000030)
    .ARM.Collect$$libinit$$00000031          0x0800025a   Section        2  libinit2.o(.ARM.Collect$$libinit$$00000031)
    .ARM.Collect$$libshutdown$$00000000      0x0800025c   Section        2  libshutdown.o(.ARM.Collect$$libshutdown$$00000000)
    .ARM.Collect$$libshutdown$$00000003      0x0800025e   Section        0  libshutdown2.o(.ARM.Collect$$libshutdown$$00000003)
    .ARM.Collect$$libshutdown$$00000006      0x0800025e   Section        0  libshutdown2.o(.ARM.Collect$$libshutdown$$00000006)
    .ARM.Collect$$libshutdown$$00000009      0x0800025e   Section        0  libshutdown2.o(.ARM.Collect$$libshutdown$$00000009)
    .ARM.Collect$$libshutdown$$0000000B      0x0800025e   Section        0  libshutdown2.o(.ARM.Collect$$libshutdown$$0000000B)
    .ARM.Collect$$libshutdown$$0000000E      0x0800025e   Section        0  libshutdown2.o(.ARM.Collect$$libshutdown$$0000000E)
    .ARM.Collect$$libshutdown$$0000000F      0x0800025e   Section        2  libshutdown2.o(.ARM.Collect$$libshutdown$$0000000F)
    .ARM.Collect$$rtentry$$00000000          0x08000260   Section        0  rtentry.o(.ARM.Collect$$rtentry$$00000000)
    .ARM.Collect$$rtentry$$00000002          0x08000260   Section        0  rtentry2.o(.ARM.Collect$$rtentry$$00000002)
    .ARM.Collect$$rtentry$$00000004          0x08000260   Section        6  rtentry4.o(.ARM.Collect$$rtentry$$00000004)
    .ARM.Collect$$rtentry$$00000009          0x08000266   Section        0  rtentry2.o(.ARM.Collect$$rtentry$$00000009)
    .ARM.Collect$$rtentry$$0000000A          0x08000266   Section        4  rtentry2.o(.ARM.Collect$$rtentry$$0000000A)
    .ARM.Collect$$rtentry$$0000000C          0x0800026a   Section        0  rtentry2.o(.ARM.Collect$$rtentry$$0000000C)
    .ARM.Collect$$rtentry$$0000000D          0x0800026a   Section        8  rtentry2.o(.ARM.Collect$$rtentry$$0000000D)
    .ARM.Collect$$rtexit$$00000000           0x08000272   Section        2  rtexit.o(.ARM.Collect$$rtexit$$00000000)
    .ARM.Collect$$rtexit$$00000002           0x08000274   Section        0  rtexit2.o(.ARM.Collect$$rtexit$$00000002)
    .ARM.Collect$$rtexit$$00000003           0x08000274   Section        4  rtexit2.o(.ARM.Collect$$rtexit$$00000003)
    .ARM.Collect$$rtexit$$00000004           0x08000278   Section        6  rtexit2.o(.ARM.Collect$$rtexit$$00000004)
    .emb_text                                0x08000280   Section        0  maybetermalloc1.o(.emb_text)
    .text                                    0x08000280   Section        0  stm32f10x_gpio.o(.text)
    .text                                    0x080005d8   Section        0  stm32f10x_rcc.o(.text)
    .text                                    0x0800097c   Section        0  stm32f10x_usart.o(.text)
    .text                                    0x08000d84   Section       64  startup_stm32f10x_hd.o(.text)
    .text                                    0x08000dc4   Section        0  device.o(.text)
    .text                                    0x08000f30   Section        0  nix_userroot.o(.text)
    .text                                    0x08001060   Section        0  stm32f10x_it.o(.text)
    .text                                    0x08001098   Section        0  system_stm32f10x.o(.text)
    SetSysClockTo72                          0x08001099   Thumb Code   212  system_stm32f10x.o(.text)
    SetSysClock                              0x0800116d   Thumb Code     8  system_stm32f10x.o(.text)
    .text                                    0x08001274   Section        0  test.o(.text)
    .text                                    0x08001530   Section        0  nix_chip.o(.text)
    NVIC_SetPriority                         0x08001531   Thumb Code    32  nix_chip.o(.text)
    .text                                    0x08001710   Section        0  nix_core_c.o(.text)
    .text                                    0x08001a74   Section        0  nix_list.o(.text)
    .text                                    0x08001b28   Section        0  nix_task.o(.text)
    .text                                    0x08001eb0   Section        0  nix_queue.o(.text)
    .text                                    0x08001f4e   Section        0  h1_alloc.o(.text)
    .text                                    0x08001fac   Section        0  h1_free.o(.text)
    .text                                    0x08001ffc   Section        0  c89vsprintf.o(.text)
    .text                                    0x08002020   Section        0  strlen.o(.text)
    .text                                    0x0800205e   Section        0  heapauxi.o(.text)
    .text                                    0x08002064   Section        8  rt_heap_descriptor_intlibspace.o(.text)
    .text                                    0x0800206c   Section        0  hguard.o(.text)
    .text                                    0x08002070   Section        0  init_alloc.o(.text)
    .text                                    0x080020fa   Section        0  h1_init.o(.text)
    .text                                    0x08002108   Section        0  _printf_pad.o(.text)
    .text                                    0x0800215a   Section        0  _printf_truncate.o(.text)
    .text                                    0x0800217e   Section        0  _printf_str.o(.text)
    .text                                    0x080021d0   Section        0  _printf_dec.o(.text)
    .text                                    0x08002248   Section        0  _printf_charcount.o(.text)
    .text                                    0x08002274   Section        0  _printf_char_common.o(.text)
    _printf_input_char                       0x08002275   Thumb Code    10  _printf_char_common.o(.text)
    .text                                    0x080022a4   Section        0  _sputc.o(.text)
    .text                                    0x080022b0   Section        0  _printf_wctomb.o(.text)
    .text                                    0x0800236c   Section        0  _printf_longlong_dec.o(.text)
    .text                                    0x080023e4   Section        0  _printf_oct_int_ll.o(.text)
    _printf_longlong_oct_internal            0x080023e5   Thumb Code     0  _printf_oct_int_ll.o(.text)
    .text                                    0x0800245c   Section        0  _printf_hex_int_ll_ptr.o(.text)
    _printf_hex_common                       0x0800245d   Thumb Code     0  _printf_hex_int_ll_ptr.o(.text)
    .text                                    0x080024f8   Section        0  __printf_flags_ss_wp.o(.text)
    .text                                    0x08002684   Section        8  libspace.o(.text)
    .text                                    0x0800268c   Section        0  h1_extend.o(.text)
    .text                                    0x080026c0   Section      138  lludiv10.o(.text)
    .text                                    0x0800274a   Section        0  _printf_intcommon.o(.text)
    .text                                    0x08002802   Section        0  _printf_fp_dec.o(.text)
    _fp_digits                               0x08002805   Thumb Code   426  _printf_fp_dec.o(.text)
    .text                                    0x08002c22   Section        0  _printf_char.o(.text)
    .text                                    0x08002c4e   Section        0  _printf_wchar.o(.text)
    .text                                    0x08002c7a   Section        0  _wcrtomb.o(.text)
    .text                                    0x08002cba   Section        0  defsig_rtmem_outer.o(.text)
    .text                                    0x08002cc8   Section        2  use_no_semi.o(.text)
    .text                                    0x08002cca   Section        0  indicate_semi.o(.text)
    .text                                    0x08002cca   Section       74  sys_stackheap_outer.o(.text)
    .text                                    0x08002d14   Section       16  rt_ctype_table.o(.text)
    .text                                    0x08002d24   Section        8  rt_locale_intlibspace.o(.text)
    .text                                    0x08002d2c   Section        0  _printf_fp_infnan.o(.text)
    .text                                    0x08002dac   Section        0  bigflt0.o(.text)
    .text                                    0x08002e90   Section        0  exit.o(.text)
    .text                                    0x08002e9c   Section        0  defsig_exit.o(.text)
    .text                                    0x08002ea8   Section        0  defsig_rtmem_inner.o(.text)
    .text                                    0x08002ef8   Section        0  sys_exit.o(.text)
    .text                                    0x08002f04   Section        0  defsig_general.o(.text)
    .text                                    0x08002f38   Section      128  strcmpv7m.o(.text)
    .text                                    0x08002fb8   Section        0  sys_wrch.o(.text)
    CL$$btod_d2e                             0x08002fc6   Section       62  btod.o(CL$$btod_d2e)
    CL$$btod_d2e_denorm_low                  0x08003004   Section       70  btod.o(CL$$btod_d2e_denorm_low)
    CL$$btod_d2e_norm_op1                    0x0800304a   Section       96  btod.o(CL$$btod_d2e_norm_op1)
    CL$$btod_div_common                      0x080030aa   Section      824  btod.o(CL$$btod_div_common)
    CL$$btod_e2e                             0x080033e2   Section      198  btod.o(CL$$btod_e2e)
    CL$$btod_ediv                            0x080034a8   Section       40  btod.o(CL$$btod_ediv)
    CL$$btod_emul                            0x080034d0   Section       40  btod.o(CL$$btod_emul)
    CL$$btod_mult_common                     0x080034f8   Section      580  btod.o(CL$$btod_mult_common)
    NIX_CORE_A                               0x0800373c   Section      148  nix_core_a.o(NIX_CORE_A)
    i.__ARM_fpclassify                       0x080037d0   Section        0  fpclassify.o(i.__ARM_fpclassify)
    i._is_digit                              0x080037f8   Section        0  __printf_wp.o(i._is_digit)
    locale$$code                             0x08003808   Section       44  lc_numeric_c.o(locale$$code)
    locale$$code                             0x08003834   Section       44  lc_ctype_c.o(locale$$code)
    x$fpl$printf1                            0x08003860   Section        4  printf1.o(x$fpl$printf1)
    .constdata                               0x08003864   Section      256  nix_core_c.o(.constdata)
    x$fpl$usenofp                            0x08003864   Section        0  usenofp.o(x$fpl$usenofp)
    .constdata                               0x08003964   Section        8  _printf_wctomb.o(.constdata)
    initial_mbstate                          0x08003964   Data           8  _printf_wctomb.o(.constdata)
    .constdata                               0x0800396c   Section       40  _printf_hex_int_ll_ptr.o(.constdata)
    uc_hextab                                0x0800396c   Data          20  _printf_hex_int_ll_ptr.o(.constdata)
    lc_hextab                                0x08003980   Data          20  _printf_hex_int_ll_ptr.o(.constdata)
    .constdata                               0x08003994   Section       17  __printf_flags_ss_wp.o(.constdata)
    maptable                                 0x08003994   Data          17  __printf_flags_ss_wp.o(.constdata)
    .constdata                               0x080039a8   Section      148  bigflt0.o(.constdata)
    tenpwrs_x                                0x080039a8   Data          60  bigflt0.o(.constdata)
    tenpwrs_i                                0x080039e4   Data          64  bigflt0.o(.constdata)
    locale$$data                             0x08003a5c   Section       28  lc_numeric_c.o(locale$$data)
    __lcnum_c_name                           0x08003a60   Data           2  lc_numeric_c.o(locale$$data)
    __lcnum_c_start                          0x08003a68   Data           0  lc_numeric_c.o(locale$$data)
    __lcnum_c_point                          0x08003a74   Data           0  lc_numeric_c.o(locale$$data)
    __lcnum_c_thousands                      0x08003a76   Data           0  lc_numeric_c.o(locale$$data)
    __lcnum_c_grouping                       0x08003a77   Data           0  lc_numeric_c.o(locale$$data)
    locale$$data                             0x08003a78   Section      272  lc_ctype_c.o(locale$$data)
    __lcnum_c_end                            0x08003a78   Data           0  lc_numeric_c.o(locale$$data)
    __lcctype_c_name                         0x08003a7c   Data           2  lc_ctype_c.o(locale$$data)
    __lcctype_c_start                        0x08003a84   Data           0  lc_ctype_c.o(locale$$data)
    __lcctype_c_end                          0x08003b88   Data           0  lc_ctype_c.o(locale$$data)
    .text                                    0x08039004   Section        0  unoptimize.o(.text)
    .data                                    0x20000000   Section       20  stm32f10x_rcc.o(.data)
    APBAHBPrescTable                         0x20000000   Data          16  stm32f10x_rcc.o(.data)
    ADCPrescTable                            0x20000010   Data           4  stm32f10x_rcc.o(.data)
    .data                                    0x20000014   Section       20  system_stm32f10x.o(.data)
    .data                                    0x20000028   Section        8  test.o(.data)
    .data                                    0x20000030   Section        4  nix_chip.o(.data)
    .data                                    0x20000034   Section       44  nix_core_c.o(.data)
    .data                                    0x20000060   Section       12  nix_task.o(.data)
    .bss                                     0x2000006c   Section     2248  device.o(.bss)
    .bss                                     0x20000934   Section       12  test.o(.bss)
    .bss                                     0x20000940   Section       68  nix_core_c.o(.bss)
    .bss                                     0x20000984   Section       96  libspace.o(.bss)
    HEAP                                     0x200009e8   Section    16384  startup_stm32f10x_hd.o(HEAP)
    Heap_Mem                                 0x200009e8   Data       16384  startup_stm32f10x_hd.o(HEAP)
    STACK                                    0x200049e8   Section      512  startup_stm32f10x_hd.o(STACK)
    Stack_Mem                                0x200049e8   Data         512  startup_stm32f10x_hd.o(STACK)
    __initial_sp                             0x20004be8   Data           0  startup_stm32f10x_hd.o(STACK)

    Global Symbols

    Symbol Name                              Value     Ov Type        Size  Object(Section)

    BuildAttributes$$THM_ISAv4$P$D$K$B$S$PE$A:L22UL41UL21$X:L11$S22US41US21$IEEE1$IW$USESV6$~STKCKD$USESV7$~SHL$OTIME$ROPI$IEEEJ$EBA8$UX$STANDARDLIB$REQ8$PRES8$EABIv2 0x00000000   Number         0  anon$$obj.o ABSOLUTE
    __ARM_use_no_argv                        0x00000000   Number         0  nix_core_c.o ABSOLUTE
    _printf_flags                            0x00000000   Number         0  printf_stubs.o ABSOLUTE
    _printf_return_value                     0x00000000   Number         0  printf_stubs.o ABSOLUTE
    _printf_sizespec                         0x00000000   Number         0  printf_stubs.o ABSOLUTE
    _printf_widthprec                        0x00000000   Number         0  printf_stubs.o ABSOLUTE
    __ARM_exceptions_init                     - Undefined Weak Reference
    __alloca_initialize                       - Undefined Weak Reference
    __cpp_initialize__aeabi_                  - Undefined Weak Reference
    __cxa_finalize                            - Undefined Weak Reference
    __sigvec_lookup                           - Undefined Weak Reference
    __user_heap_extent                        - Undefined Weak Reference
    _atexit_init                              - Undefined Weak Reference
    _call_atexit_fns                          - Undefined Weak Reference
    _clock_init                               - Undefined Weak Reference
    _fp_trap_init                             - Undefined Weak Reference
    _fp_trap_shutdown                         - Undefined Weak Reference
    _get_lc_collate                           - Undefined Weak Reference
    _get_lc_monetary                          - Undefined Weak Reference
    _get_lc_time                              - Undefined Weak Reference
    _getenv_init                              - Undefined Weak Reference
    _handle_redirection                       - Undefined Weak Reference
    _initio                                   - Undefined Weak Reference
    _mutex_acquire                            - Undefined Weak Reference
    _mutex_free                               - Undefined Weak Reference
    _mutex_release                            - Undefined Weak Reference
    _printf_fp_hex                            - Undefined Weak Reference
    _printf_mbtowc                            - Undefined Weak Reference
    _printf_wc                                - Undefined Weak Reference
    _rand_init                                - Undefined Weak Reference
    _signal_finish                            - Undefined Weak Reference
    _signal_init                              - Undefined Weak Reference
    _terminateio                              - Undefined Weak Reference
    __Vectors_Size                           0x00000130   Number         0  startup_stm32f10x_hd.o ABSOLUTE
    __Vectors                                0x08000000   Data           4  startup_stm32f10x_hd.o(RESET)
    __Vectors_End                            0x08000130   Data           0  startup_stm32f10x_hd.o(RESET)
    __main                                   0x08000131   Thumb Code     8  __main.o(!!!main)
    __scatterload                            0x08000139   Thumb Code     0  __scatter.o(!!!scatter)
    __scatterload_rt2                        0x08000139   Thumb Code    44  __scatter.o(!!!scatter)
    __scatterload_rt2_thumb_only             0x08000139   Thumb Code     0  __scatter.o(!!!scatter)
    __scatterload_null                       0x08000147   Thumb Code     0  __scatter.o(!!!scatter)
    __scatterload_copy                       0x0800016d   Thumb Code    26  __scatter_copy.o(!!handler_copy)
    __scatterload_zeroinit                   0x08000189   Thumb Code    28  __scatter_zi.o(!!handler_zi)
    _printf_n                                0x080001a5   Thumb Code     0  _printf_n.o(.ARM.Collect$$_printf_percent$$00000001)
    _printf_percent                          0x080001a5   Thumb Code     0  _printf_percent.o(.ARM.Collect$$_printf_percent$$00000000)
    _printf_p                                0x080001ab   Thumb Code     0  _printf_p.o(.ARM.Collect$$_printf_percent$$00000002)
    _printf_f                                0x080001b1   Thumb Code     0  _printf_f.o(.ARM.Collect$$_printf_percent$$00000003)
    _printf_e                                0x080001b7   Thumb Code     0  _printf_e.o(.ARM.Collect$$_printf_percent$$00000004)
    _printf_g                                0x080001bd   Thumb Code     0  _printf_g.o(.ARM.Collect$$_printf_percent$$00000005)
    _printf_a                                0x080001c3   Thumb Code     0  _printf_a.o(.ARM.Collect$$_printf_percent$$00000006)
    _printf_ll                               0x080001c9   Thumb Code     0  _printf_ll.o(.ARM.Collect$$_printf_percent$$00000007)
    _printf_i                                0x080001d3   Thumb Code     0  _printf_i.o(.ARM.Collect$$_printf_percent$$00000008)
    _printf_d                                0x080001d9   Thumb Code     0  _printf_d.o(.ARM.Collect$$_printf_percent$$00000009)
    _printf_u                                0x080001df   Thumb Code     0  _printf_u.o(.ARM.Collect$$_printf_percent$$0000000A)
    _printf_o                                0x080001e5   Thumb Code     0  _printf_o.o(.ARM.Collect$$_printf_percent$$0000000B)
    _printf_x                                0x080001eb   Thumb Code     0  _printf_x.o(.ARM.Collect$$_printf_percent$$0000000C)
    _printf_lli                              0x080001f1   Thumb Code     0  _printf_lli.o(.ARM.Collect$$_printf_percent$$0000000D)
    _printf_lld                              0x080001f7   Thumb Code     0  _printf_lld.o(.ARM.Collect$$_printf_percent$$0000000E)
    _printf_llu                              0x080001fd   Thumb Code     0  _printf_llu.o(.ARM.Collect$$_printf_percent$$0000000F)
    _printf_llo                              0x08000203   Thumb Code     0  _printf_llo.o(.ARM.Collect$$_printf_percent$$00000010)
    _printf_llx                              0x08000209   Thumb Code     0  _printf_llx.o(.ARM.Collect$$_printf_percent$$00000011)
    _printf_l                                0x0800020f   Thumb Code     0  _printf_l.o(.ARM.Collect$$_printf_percent$$00000012)
    _printf_c                                0x08000219   Thumb Code     0  _printf_c.o(.ARM.Collect$$_printf_percent$$00000013)
    _printf_s                                0x0800021f   Thumb Code     0  _printf_s.o(.ARM.Collect$$_printf_percent$$00000014)
    _printf_lc                               0x08000225   Thumb Code     0  _printf_lc.o(.ARM.Collect$$_printf_percent$$00000015)
    _printf_ls                               0x0800022b   Thumb Code     0  _printf_ls.o(.ARM.Collect$$_printf_percent$$00000016)
    _printf_percent_end                      0x08000231   Thumb Code     0  _printf_percent_end.o(.ARM.Collect$$_printf_percent$$00000017)
    __rt_lib_init                            0x08000235   Thumb Code     0  libinit.o(.ARM.Collect$$libinit$$00000000)
    __rt_lib_init_fp_1                       0x08000237   Thumb Code     0  libinit2.o(.ARM.Collect$$libinit$$00000002)
    __rt_lib_init_heap_2                     0x08000237   Thumb Code     0  libinit2.o(.ARM.Collect$$libinit$$00000003)
    __rt_lib_init_heap_1                     0x0800023f   Thumb Code     0  libinit2.o(.ARM.Collect$$libinit$$00000008)
    __rt_lib_init_lc_common                  0x0800023f   Thumb Code     0  libinit2.o(.ARM.Collect$$libinit$$0000000D)
    __rt_lib_init_rand_1                     0x0800023f   Thumb Code     0  libinit2.o(.ARM.Collect$$libinit$$0000000C)
    __rt_lib_init_user_alloc_1               0x0800023f   Thumb Code     0  libinit2.o(.ARM.Collect$$libinit$$0000000A)
    __rt_lib_init_lc_collate_1               0x08000245   Thumb Code     0  libinit2.o(.ARM.Collect$$libinit$$0000000F)
    __rt_lib_init_lc_ctype_2                 0x08000245   Thumb Code     0  libinit2.o(.ARM.Collect$$libinit$$00000010)
    __rt_lib_init_lc_ctype_1                 0x08000251   Thumb Code     0  libinit2.o(.ARM.Collect$$libinit$$00000011)
    __rt_lib_init_lc_monetary_1              0x08000251   Thumb Code     0  libinit2.o(.ARM.Collect$$libinit$$00000013)
    __rt_lib_init_lc_numeric_2               0x08000251   Thumb Code     0  libinit2.o(.ARM.Collect$$libinit$$00000014)
    __rt_lib_init_alloca_1                   0x0800025b   Thumb Code     0  libinit2.o(.ARM.Collect$$libinit$$0000002C)
    __rt_lib_init_argv_1                     0x0800025b   Thumb Code     0  libinit2.o(.ARM.Collect$$libinit$$0000002A)
    __rt_lib_init_atexit_1                   0x0800025b   Thumb Code     0  libinit2.o(.ARM.Collect$$libinit$$00000019)
    __rt_lib_init_clock_1                    0x0800025b   Thumb Code     0  libinit2.o(.ARM.Collect$$libinit$$0000001F)
    __rt_lib_init_cpp_1                      0x0800025b   Thumb Code     0  libinit2.o(.ARM.Collect$$libinit$$00000030)
    __rt_lib_init_exceptions_1               0x0800025b   Thumb Code     0  libinit2.o(.ARM.Collect$$libinit$$0000002E)
    __rt_lib_init_fp_trap_1                  0x0800025b   Thumb Code     0  libinit2.o(.ARM.Collect$$libinit$$0000001D)
    __rt_lib_init_getenv_1                   0x0800025b   Thumb Code     0  libinit2.o(.ARM.Collect$$libinit$$00000021)
    __rt_lib_init_lc_numeric_1               0x0800025b   Thumb Code     0  libinit2.o(.ARM.Collect$$libinit$$00000015)
    __rt_lib_init_lc_time_1                  0x0800025b   Thumb Code     0  libinit2.o(.ARM.Collect$$libinit$$00000017)
    __rt_lib_init_return                     0x0800025b   Thumb Code     0  libinit2.o(.ARM.Collect$$libinit$$00000031)
    __rt_lib_init_signal_1                   0x0800025b   Thumb Code     0  libinit2.o(.ARM.Collect$$libinit$$0000001B)
    __rt_lib_init_stdio_1                    0x0800025b   Thumb Code     0  libinit2.o(.ARM.Collect$$libinit$$00000023)
    __rt_lib_shutdown                        0x0800025d   Thumb Code     0  libshutdown.o(.ARM.Collect$$libshutdown$$00000000)
    __rt_lib_shutdown_fp_trap_1              0x0800025f   Thumb Code     0  libshutdown2.o(.ARM.Collect$$libshutdown$$00000006)
    __rt_lib_shutdown_heap_1                 0x0800025f   Thumb Code     0  libshutdown2.o(.ARM.Collect$$libshutdown$$0000000E)
    __rt_lib_shutdown_return                 0x0800025f   Thumb Code     0  libshutdown2.o(.ARM.Collect$$libshutdown$$0000000F)
    __rt_lib_shutdown_signal_1               0x0800025f   Thumb Code     0  libshutdown2.o(.ARM.Collect$$libshutdown$$00000009)
    __rt_lib_shutdown_stdio_1                0x0800025f   Thumb Code     0  libshutdown2.o(.ARM.Collect$$libshutdown$$00000003)
    __rt_lib_shutdown_user_alloc_1           0x0800025f   Thumb Code     0  libshutdown2.o(.ARM.Collect$$libshutdown$$0000000B)
    __rt_entry                               0x08000261   Thumb Code     0  rtentry.o(.ARM.Collect$$rtentry$$00000000)
    __rt_entry_presh_1                       0x08000261   Thumb Code     0  rtentry2.o(.ARM.Collect$$rtentry$$00000002)
    __rt_entry_sh                            0x08000261   Thumb Code     0  rtentry4.o(.ARM.Collect$$rtentry$$00000004)
    __rt_entry_li                            0x08000267   Thumb Code     0  rtentry2.o(.ARM.Collect$$rtentry$$0000000A)
    __rt_entry_postsh_1                      0x08000267   Thumb Code     0  rtentry2.o(.ARM.Collect$$rtentry$$00000009)
    __rt_entry_main                          0x0800026b   Thumb Code     0  rtentry2.o(.ARM.Collect$$rtentry$$0000000D)
    __rt_entry_postli_1                      0x0800026b   Thumb Code     0  rtentry2.o(.ARM.Collect$$rtentry$$0000000C)
    __rt_exit                                0x08000273   Thumb Code     0  rtexit.o(.ARM.Collect$$rtexit$$00000000)
    __rt_exit_ls                             0x08000275   Thumb Code     0  rtexit2.o(.ARM.Collect$$rtexit$$00000003)
    __rt_exit_prels_1                        0x08000275   Thumb Code     0  rtexit2.o(.ARM.Collect$$rtexit$$00000002)
    __rt_exit_exit                           0x08000279   Thumb Code     0  rtexit2.o(.ARM.Collect$$rtexit$$00000004)
    GPIO_DeInit                              0x08000281   Thumb Code   172  stm32f10x_gpio.o(.text)
    _maybe_terminate_alloc                   0x08000281   Thumb Code     0  maybetermalloc1.o(.emb_text)
    GPIO_AFIODeInit                          0x0800032d   Thumb Code    20  stm32f10x_gpio.o(.text)
    GPIO_Init                                0x08000341   Thumb Code   274  stm32f10x_gpio.o(.text)
    GPIO_StructInit                          0x08000453   Thumb Code    16  stm32f10x_gpio.o(.text)
    GPIO_ReadInputDataBit                    0x08000463   Thumb Code    18  stm32f10x_gpio.o(.text)
    GPIO_ReadInputData                       0x08000475   Thumb Code     8  stm32f10x_gpio.o(.text)
    GPIO_ReadOutputDataBit                   0x0800047d   Thumb Code    18  stm32f10x_gpio.o(.text)
    GPIO_ReadOutputData                      0x0800048f   Thumb Code     8  stm32f10x_gpio.o(.text)
    GPIO_SetBits                             0x08000497   Thumb Code     4  stm32f10x_gpio.o(.text)
    GPIO_ResetBits                           0x0800049b   Thumb Code     4  stm32f10x_gpio.o(.text)
    GPIO_WriteBit                            0x0800049f   Thumb Code    10  stm32f10x_gpio.o(.text)
    GPIO_Write                               0x080004a9   Thumb Code     4  stm32f10x_gpio.o(.text)
    GPIO_PinLockConfig                       0x080004ad   Thumb Code    18  stm32f10x_gpio.o(.text)
    GPIO_EventOutputConfig                   0x080004bf   Thumb Code    26  stm32f10x_gpio.o(.text)
    GPIO_EventOutputCmd                      0x080004d9   Thumb Code     6  stm32f10x_gpio.o(.text)
    GPIO_PinRemapConfig                      0x080004df   Thumb Code   138  stm32f10x_gpio.o(.text)
    GPIO_EXTILineConfig                      0x08000569   Thumb Code    66  stm32f10x_gpio.o(.text)
    GPIO_ETH_MediaInterfaceConfig            0x080005ab   Thumb Code     6  stm32f10x_gpio.o(.text)
    RCC_DeInit                               0x080005d9   Thumb Code    64  stm32f10x_rcc.o(.text)
    RCC_HSEConfig                            0x08000619   Thumb Code    70  stm32f10x_rcc.o(.text)
    RCC_GetFlagStatus                        0x0800065f   Thumb Code    56  stm32f10x_rcc.o(.text)
    RCC_WaitForHSEStartUp                    0x08000697   Thumb Code    56  stm32f10x_rcc.o(.text)
    RCC_AdjustHSICalibrationValue            0x080006cf   Thumb Code    20  stm32f10x_rcc.o(.text)
    RCC_HSICmd                               0x080006e3   Thumb Code     6  stm32f10x_rcc.o(.text)
    RCC_PLLConfig                            0x080006e9   Thumb Code    24  stm32f10x_rcc.o(.text)
    RCC_PLLCmd                               0x08000701   Thumb Code     6  stm32f10x_rcc.o(.text)
    RCC_SYSCLKConfig                         0x08000707   Thumb Code    18  stm32f10x_rcc.o(.text)
    RCC_GetSYSCLKSource                      0x08000719   Thumb Code    10  stm32f10x_rcc.o(.text)
    RCC_HCLKConfig                           0x08000723   Thumb Code    18  stm32f10x_rcc.o(.text)
    RCC_PCLK1Config                          0x08000735   Thumb Code    18  stm32f10x_rcc.o(.text)
    RCC_PCLK2Config                          0x08000747   Thumb Code    20  stm32f10x_rcc.o(.text)
    RCC_ITConfig                             0x0800075b   Thumb Code    26  stm32f10x_rcc.o(.text)
    RCC_USBCLKConfig                         0x08000775   Thumb Code     6  stm32f10x_rcc.o(.text)
    RCC_ADCCLKConfig                         0x0800077b   Thumb Code    18  stm32f10x_rcc.o(.text)
    RCC_LSEConfig                            0x0800078d   Thumb Code    44  stm32f10x_rcc.o(.text)
    RCC_LSICmd                               0x080007b9   Thumb Code     6  stm32f10x_rcc.o(.text)
    RCC_RTCCLKConfig                         0x080007bf   Thumb Code    12  stm32f10x_rcc.o(.text)
    RCC_RTCCLKCmd                            0x080007cb   Thumb Code     8  stm32f10x_rcc.o(.text)
    RCC_GetClocksFreq                        0x080007d3   Thumb Code   192  stm32f10x_rcc.o(.text)
    RCC_AHBPeriphClockCmd                    0x08000893   Thumb Code    26  stm32f10x_rcc.o(.text)
    RCC_APB2PeriphClockCmd                   0x080008ad   Thumb Code    26  stm32f10x_rcc.o(.text)
    RCC_APB1PeriphClockCmd                   0x080008c7   Thumb Code    26  stm32f10x_rcc.o(.text)
    RCC_APB2PeriphResetCmd                   0x080008e1   Thumb Code    26  stm32f10x_rcc.o(.text)
    RCC_APB1PeriphResetCmd                   0x080008fb   Thumb Code    26  stm32f10x_rcc.o(.text)
    RCC_BackupResetCmd                       0x08000915   Thumb Code     8  stm32f10x_rcc.o(.text)
    RCC_ClockSecuritySystemCmd               0x0800091d   Thumb Code     6  stm32f10x_rcc.o(.text)
    RCC_MCOConfig                            0x08000923   Thumb Code     6  stm32f10x_rcc.o(.text)
    RCC_ClearFlag                            0x08000929   Thumb Code    14  stm32f10x_rcc.o(.text)
    RCC_GetITStatus                          0x08000937   Thumb Code    20  stm32f10x_rcc.o(.text)
    RCC_ClearITPendingBit                    0x0800094b   Thumb Code     6  stm32f10x_rcc.o(.text)
    USART_DeInit                             0x0800097d   Thumb Code   134  stm32f10x_usart.o(.text)
    USART_Init                               0x08000a03   Thumb Code   210  stm32f10x_usart.o(.text)
    USART_StructInit                         0x08000ad5   Thumb Code    24  stm32f10x_usart.o(.text)
    USART_ClockInit                          0x08000aed   Thumb Code    34  stm32f10x_usart.o(.text)
    USART_ClockStructInit                    0x08000b0f   Thumb Code    12  stm32f10x_usart.o(.text)
    USART_Cmd                                0x08000b1b   Thumb Code    24  stm32f10x_usart.o(.text)
    USART_ITConfig                           0x08000b33   Thumb Code    74  stm32f10x_usart.o(.text)
    USART_DMACmd                             0x08000b7d   Thumb Code    18  stm32f10x_usart.o(.text)
    USART_SetAddress                         0x08000b8f   Thumb Code    18  stm32f10x_usart.o(.text)
    USART_WakeUpConfig                       0x08000ba1   Thumb Code    18  stm32f10x_usart.o(.text)
    USART_ReceiverWakeUpCmd                  0x08000bb3   Thumb Code    24  stm32f10x_usart.o(.text)
    USART_LINBreakDetectLengthConfig         0x08000bcb   Thumb Code    18  stm32f10x_usart.o(.text)
    USART_LINCmd                             0x08000bdd   Thumb Code    24  stm32f10x_usart.o(.text)
    USART_SendData                           0x08000bf5   Thumb Code     8  stm32f10x_usart.o(.text)
    USART_ReceiveData                        0x08000bfd   Thumb Code    10  stm32f10x_usart.o(.text)
    USART_SendBreak                          0x08000c07   Thumb Code    10  stm32f10x_usart.o(.text)
    USART_SetGuardTime                       0x08000c11   Thumb Code    16  stm32f10x_usart.o(.text)
    USART_SetPrescaler                       0x08000c21   Thumb Code    16  stm32f10x_usart.o(.text)
    USART_SmartCardCmd                       0x08000c31   Thumb Code    24  stm32f10x_usart.o(.text)
    USART_SmartCardNACKCmd                   0x08000c49   Thumb Code    24  stm32f10x_usart.o(.text)
    USART_HalfDuplexCmd                      0x08000c61   Thumb Code    24  stm32f10x_usart.o(.text)
    USART_OverSampling8Cmd                   0x08000c79   Thumb Code    22  stm32f10x_usart.o(.text)
    USART_OneBitMethodCmd                    0x08000c8f   Thumb Code    24  stm32f10x_usart.o(.text)
    USART_IrDAConfig                         0x08000ca7   Thumb Code    18  stm32f10x_usart.o(.text)
    USART_IrDACmd                            0x08000cb9   Thumb Code    24  stm32f10x_usart.o(.text)
    USART_GetFlagStatus                      0x08000cd1   Thumb Code    26  stm32f10x_usart.o(.text)
    USART_ClearFlag                          0x08000ceb   Thumb Code    18  stm32f10x_usart.o(.text)
    USART_GetITStatus                        0x08000cfd   Thumb Code    84  stm32f10x_usart.o(.text)
    USART_ClearITPendingBit                  0x08000d51   Thumb Code    52  stm32f10x_usart.o(.text)
    Reset_Handler                            0x08000d85   Thumb Code     8  startup_stm32f10x_hd.o(.text)
    ADC1_2_IRQHandler                        0x08000d9f   Thumb Code     0  startup_stm32f10x_hd.o(.text)
    ADC3_IRQHandler                          0x08000d9f   Thumb Code     0  startup_stm32f10x_hd.o(.text)
    CAN1_RX1_IRQHandler                      0x08000d9f   Thumb Code     0  startup_stm32f10x_hd.o(.text)
    CAN1_SCE_IRQHandler                      0x08000d9f   Thumb Code     0  startup_stm32f10x_hd.o(.text)
    DMA1_Channel1_IRQHandler                 0x08000d9f   Thumb Code     0  startup_stm32f10x_hd.o(.text)
    DMA1_Channel2_IRQHandler                 0x08000d9f   Thumb Code     0  startup_stm32f10x_hd.o(.text)
    DMA1_Channel3_IRQHandler                 0x08000d9f   Thumb Code     0  startup_stm32f10x_hd.o(.text)
    DMA1_Channel4_IRQHandler                 0x08000d9f   Thumb Code     0  startup_stm32f10x_hd.o(.text)
    DMA1_Channel5_IRQHandler                 0x08000d9f   Thumb Code     0  startup_stm32f10x_hd.o(.text)
    DMA1_Channel6_IRQHandler                 0x08000d9f   Thumb Code     0  startup_stm32f10x_hd.o(.text)
    DMA1_Channel7_IRQHandler                 0x08000d9f   Thumb Code     0  startup_stm32f10x_hd.o(.text)
    DMA2_Channel1_IRQHandler                 0x08000d9f   Thumb Code     0  startup_stm32f10x_hd.o(.text)
    DMA2_Channel2_IRQHandler                 0x08000d9f   Thumb Code     0  startup_stm32f10x_hd.o(.text)
    DMA2_Channel3_IRQHandler                 0x08000d9f   Thumb Code     0  startup_stm32f10x_hd.o(.text)
    DMA2_Channel4_5_IRQHandler               0x08000d9f   Thumb Code     0  startup_stm32f10x_hd.o(.text)
    EXTI0_IRQHandler                         0x08000d9f   Thumb Code     0  startup_stm32f10x_hd.o(.text)
    EXTI15_10_IRQHandler                     0x08000d9f   Thumb Code     0  startup_stm32f10x_hd.o(.text)
    EXTI1_IRQHandler                         0x08000d9f   Thumb Code     0  startup_stm32f10x_hd.o(.text)
    EXTI2_IRQHandler                         0x08000d9f   Thumb Code     0  startup_stm32f10x_hd.o(.text)
    EXTI3_IRQHandler                         0x08000d9f   Thumb Code     0  startup_stm32f10x_hd.o(.text)
    EXTI4_IRQHandler                         0x08000d9f   Thumb Code     0  startup_stm32f10x_hd.o(.text)
    EXTI9_5_IRQHandler                       0x08000d9f   Thumb Code     0  startup_stm32f10x_hd.o(.text)
    FLASH_IRQHandler                         0x08000d9f   Thumb Code     0  startup_stm32f10x_hd.o(.text)
    FSMC_IRQHandler                          0x08000d9f   Thumb Code     0  startup_stm32f10x_hd.o(.text)
    I2C1_ER_IRQHandler                       0x08000d9f   Thumb Code     0  startup_stm32f10x_hd.o(.text)
    I2C1_EV_IRQHandler                       0x08000d9f   Thumb Code     0  startup_stm32f10x_hd.o(.text)
    I2C2_ER_IRQHandler                       0x08000d9f   Thumb Code     0  startup_stm32f10x_hd.o(.text)
    I2C2_EV_IRQHandler                       0x08000d9f   Thumb Code     0  startup_stm32f10x_hd.o(.text)
    PVD_IRQHandler                           0x08000d9f   Thumb Code     0  startup_stm32f10x_hd.o(.text)
    RCC_IRQHandler                           0x08000d9f   Thumb Code     0  startup_stm32f10x_hd.o(.text)
    RTCAlarm_IRQHandler                      0x08000d9f   Thumb Code     0  startup_stm32f10x_hd.o(.text)
    RTC_IRQHandler                           0x08000d9f   Thumb Code     0  startup_stm32f10x_hd.o(.text)
    SDIO_IRQHandler                          0x08000d9f   Thumb Code     0  startup_stm32f10x_hd.o(.text)
    SPI1_IRQHandler                          0x08000d9f   Thumb Code     0  startup_stm32f10x_hd.o(.text)
    SPI2_IRQHandler                          0x08000d9f   Thumb Code     0  startup_stm32f10x_hd.o(.text)
    SPI3_IRQHandler                          0x08000d9f   Thumb Code     0  startup_stm32f10x_hd.o(.text)
    TAMPER_IRQHandler                        0x08000d9f   Thumb Code     0  startup_stm32f10x_hd.o(.text)
    TIM1_BRK_IRQHandler                      0x08000d9f   Thumb Code     0  startup_stm32f10x_hd.o(.text)
    TIM1_CC_IRQHandler                       0x08000d9f   Thumb Code     0  startup_stm32f10x_hd.o(.text)
    TIM1_TRG_COM_IRQHandler                  0x08000d9f   Thumb Code     0  startup_stm32f10x_hd.o(.text)
    TIM1_UP_IRQHandler                       0x08000d9f   Thumb Code     0  startup_stm32f10x_hd.o(.text)
    TIM2_IRQHandler                          0x08000d9f   Thumb Code     0  startup_stm32f10x_hd.o(.text)
    TIM3_IRQHandler                          0x08000d9f   Thumb Code     0  startup_stm32f10x_hd.o(.text)
    TIM4_IRQHandler                          0x08000d9f   Thumb Code     0  startup_stm32f10x_hd.o(.text)
    TIM5_IRQHandler                          0x08000d9f   Thumb Code     0  startup_stm32f10x_hd.o(.text)
    TIM6_IRQHandler                          0x08000d9f   Thumb Code     0  startup_stm32f10x_hd.o(.text)
    TIM7_IRQHandler                          0x08000d9f   Thumb Code     0  startup_stm32f10x_hd.o(.text)
    TIM8_BRK_IRQHandler                      0x08000d9f   Thumb Code     0  startup_stm32f10x_hd.o(.text)
    TIM8_CC_IRQHandler                       0x08000d9f   Thumb Code     0  startup_stm32f10x_hd.o(.text)
    TIM8_TRG_COM_IRQHandler                  0x08000d9f   Thumb Code     0  startup_stm32f10x_hd.o(.text)
    TIM8_UP_IRQHandler                       0x08000d9f   Thumb Code     0  startup_stm32f10x_hd.o(.text)
    UART4_IRQHandler                         0x08000d9f   Thumb Code     0  startup_stm32f10x_hd.o(.text)
    UART5_IRQHandler                         0x08000d9f   Thumb Code     0  startup_stm32f10x_hd.o(.text)
    USART1_IRQHandler                        0x08000d9f   Thumb Code     0  startup_stm32f10x_hd.o(.text)
    USART2_IRQHandler                        0x08000d9f   Thumb Code     0  startup_stm32f10x_hd.o(.text)
    USART3_IRQHandler                        0x08000d9f   Thumb Code     0  startup_stm32f10x_hd.o(.text)
    USBWakeUp_IRQHandler                     0x08000d9f   Thumb Code     0  startup_stm32f10x_hd.o(.text)
    USB_HP_CAN1_TX_IRQHandler                0x08000d9f   Thumb Code     0  startup_stm32f10x_hd.o(.text)
    USB_LP_CAN1_RX0_IRQHandler               0x08000d9f   Thumb Code     0  startup_stm32f10x_hd.o(.text)
    WWDG_IRQHandler                          0x08000d9f   Thumb Code     0  startup_stm32f10x_hd.o(.text)
    __user_initial_stackheap                 0x08000da1   Thumb Code     0  startup_stm32f10x_hd.o(.text)
    DEV_BufferInit                           0x08000dc5   Thumb Code    40  device.o(.text)
    DEV_SoftwareInit                         0x08000ded   Thumb Code    34  device.o(.text)
    DEV_UartInit                             0x08000e0f   Thumb Code    90  device.o(.text)
    DEV_HardwareInit                         0x08000e69   Thumb Code     8  device.o(.text)
    DEV_PutChar                              0x08000e71   Thumb Code    28  device.o(.text)
    DEV_BufferAlloc                          0x08000e8d   Thumb Code    24  device.o(.text)
    DEV_PutStrToMem                          0x08000ea5   Thumb Code    62  device.o(.text)
    DEV_PrintMsg                             0x08000ee3   Thumb Code    26  device.o(.text)
    DEV_BufferFree                           0x08000efd   Thumb Code    24  device.o(.text)
    NIX_RootTask                             0x08000f31   Thumb Code   200  nix_userroot.o(.text)
    NIX_IdleTask                             0x08000ff9   Thumb Code     4  nix_userroot.o(.text)
    NMI_Handler                              0x08001061   Thumb Code     2  stm32f10x_it.o(.text)
    HardFault_Handler                        0x08001063   Thumb Code     4  stm32f10x_it.o(.text)
    MemManage_Handler                        0x08001067   Thumb Code     4  stm32f10x_it.o(.text)
    BusFault_Handler                         0x0800106b   Thumb Code     4  stm32f10x_it.o(.text)
    UsageFault_Handler                       0x0800106f   Thumb Code     4  stm32f10x_it.o(.text)
    SVC_Handler                              0x08001073   Thumb Code    20  stm32f10x_it.o(.text)
    DebugMon_Handler                         0x08001087   Thumb Code     2  stm32f10x_it.o(.text)
    PendSV_Handler                           0x08001089   Thumb Code     2  stm32f10x_it.o(.text)
    SysTick_Handler                          0x0800108b   Thumb Code     8  stm32f10x_it.o(.text)
    SystemInit                               0x08001175   Thumb Code    78  system_stm32f10x.o(.text)
    SystemCoreClockUpdate                    0x080011c3   Thumb Code   142  system_stm32f10x.o(.text)
    TEST_TaskRun                             0x08001275   Thumb Code    12  test.o(.text)
    TEST_TestTask1                           0x08001281   Thumb Code    32  test.o(.text)
    TEST_TestTask2                           0x080012a1   Thumb Code    32  test.o(.text)
    TEST_TestTask3                           0x080012c1   Thumb Code    70  test.o(.text)
    TEST_TestTask4                           0x08001307   Thumb Code    34  test.o(.text)
    TEST_SerialPrintTask                     0x08001329   Thumb Code    44  test.o(.text)
    TEST_TaskCreatePrint                     0x08001355   Thumb Code    40  test.o(.text)
    TEST_TaskSwitchPrint                     0x0800137d   Thumb Code    82  test.o(.text)
    TEST_TaskDeletePrint                     0x080013cf   Thumb Code    22  test.o(.text)
    NIX_TaskStackInit                        0x08001551   Thumb Code   128  nix_chip.o(.text)
    NIX_SetChipWorkMode                      0x080015d1   Thumb Code    26  nix_chip.o(.text)
    NIX_PendSvIsrInit                        0x080015eb   Thumb Code    14  nix_chip.o(.text)
    NIX_TickTimerInit                        0x080015f9   Thumb Code    68  nix_chip.o(.text)
    NIX_SystemHardwareInit                   0x0800163d   Thumb Code    18  nix_chip.o(.text)
    NIX_TaskSwiSched                         0x0800164f   Thumb Code    10  nix_chip.o(.text)
    NIX_IntPendSvSet                         0x08001659   Thumb Code    18  nix_chip.o(.text)
    NIX_RunInInt                             0x0800166b   Thumb Code    20  nix_chip.o(.text)
    NIX_IntLock                              0x0800167f   Thumb Code    60  nix_chip.o(.text)
    NIX_IntUnLock                            0x080016bb   Thumb Code    62  nix_chip.o(.text)
    NIX_TaskStart                            0x08001711   Thumb Code    18  nix_core_c.o(.text)
    NIX_SetUser                              0x08001723   Thumb Code     6  nix_core_c.o(.text)
    NIX_BeforeRootTask                       0x08001729   Thumb Code    26  nix_core_c.o(.text)
    NIX_TaskSchedTabInit                     0x08001743   Thumb Code    30  nix_core_c.o(.text)
    NIX_SystemVarInit                        0x08001761   Thumb Code   120  nix_core_c.o(.text)
    main                                     0x080017d9   Thumb Code    18  nix_core_c.o(.text)
    NIX_TaskTick                             0x080017eb   Thumb Code    24  nix_core_c.o(.text)
    NIX_TaskSwitch                           0x08001803   Thumb Code    32  nix_core_c.o(.text)
    NIX_TaskSetPrioFlag                      0x08001823   Thumb Code    14  nix_core_c.o(.text)
    NIX_TaskAddToSchedTab                    0x08001831   Thumb Code    32  nix_core_c.o(.text)
    NIX_TaskAddToDelayTab                    0x08001851   Thumb Code   164  nix_core_c.o(.text)
    NIX_TaskClrPrioFlag                      0x080018f5   Thumb Code    12  nix_core_c.o(.text)
    NIX_TaskDelFromSchedTab                  0x08001901   Thumb Code    40  nix_core_c.o(.text)
    NIX_TaskGetHighestPrio                   0x08001929   Thumb Code    10  nix_core_c.o(.text)
    NIX_TaskReadyTabSched                    0x08001933   Thumb Code    30  nix_core_c.o(.text)
    NIX_TaskDelayTabSched                    0x08001951   Thumb Code   132  nix_core_c.o(.text)
    NIX_TaskSched                            0x080019d5   Thumb Code    52  nix_core_c.o(.text)
    NIX_GetSystemTick                        0x08001a09   Thumb Code     6  nix_core_c.o(.text)
    NIX_GetCurrentTcb                        0x08001a0f   Thumb Code     6  nix_core_c.o(.text)
    NIX_GetRootTcb                           0x08001a15   Thumb Code     6  nix_core_c.o(.text)
    NIX_GetIdleTcb                           0x08001a1b   Thumb Code     6  nix_core_c.o(.text)
    NIX_GetUser                              0x08001a21   Thumb Code     6  nix_core_c.o(.text)
    NIX_ListInit                             0x08001a75   Thumb Code     8  nix_list.o(.text)
    NIX_ListNodeAdd                          0x08001a7d   Thumb Code    28  nix_list.o(.text)
    NIX_ListNodeDelete                       0x08001a99   Thumb Code    38  nix_list.o(.text)
    NIX_ListNodeInsert                       0x08001abf   Thumb Code    36  nix_list.o(.text)
    NIX_ListCurNodeDelete                    0x08001ae3   Thumb Code    48  nix_list.o(.text)
    NIX_ListEmpInq                           0x08001b13   Thumb Code     6  nix_list.o(.text)
    NIX_ListNextNodeEmpInq                   0x08001b19   Thumb Code    16  nix_list.o(.text)
    NIX_TaskTcbInit                          0x08001b29   Thumb Code   222  nix_task.o(.text)
    NIX_TaskCreat                            0x08001c07   Thumb Code   130  nix_task.o(.text)
    NIX_TaskDelete                           0x08001c89   Thumb Code   142  nix_task.o(.text)
    NIX_TaskSelfDelete                       0x08001d17   Thumb Code    12  nix_task.o(.text)
    NIX_TaskDelay                            0x08001d23   Thumb Code   172  nix_task.o(.text)
    NIX_TaskWake                             0x08001dcf   Thumb Code   130  nix_task.o(.text)
    NIX_TaskHookInit                         0x08001e51   Thumb Code    16  nix_task.o(.text)
    NIX_TaskCreateHookAdd                    0x08001e61   Thumb Code     6  nix_task.o(.text)
    NIX_TaskCreateHookDel                    0x08001e67   Thumb Code     8  nix_task.o(.text)
    NIX_TaskSwitchHookAdd                    0x08001e6f   Thumb Code     6  nix_task.o(.text)
    NIX_TaskSwitchHookDel                    0x08001e75   Thumb Code     8  nix_task.o(.text)
    NIX_TaskDeleteHookAdd                    0x08001e7d   Thumb Code     6  nix_task.o(.text)
    NIX_TaskDeleteHookDel                    0x08001e83   Thumb Code     8  nix_task.o(.text)
    NIX_QueCreate                            0x08001eb1   Thumb Code    50  nix_queue.o(.text)
    NIX_QuePut                               0x08001ee3   Thumb Code    34  nix_queue.o(.text)
    NIX_QueGet                               0x08001f05   Thumb Code    42  nix_queue.o(.text)
    NIX_QueDelete                            0x08001f2f   Thumb Code    32  nix_queue.o(.text)
    malloc                                   0x08001f4f   Thumb Code    94  h1_alloc.o(.text)
    free                                     0x08001fad   Thumb Code    78  h1_free.o(.text)
    __c89vsprintf                            0x08001ffd   Thumb Code    32  c89vsprintf.o(.text)
    strlen                                   0x08002021   Thumb Code    62  strlen.o(.text)
    __use_two_region_memory                  0x0800205f   Thumb Code     2  heapauxi.o(.text)
    __rt_heap_escrow                         0x08002061   Thumb Code     2  heapauxi.o(.text)
    __rt_heap_expand                         0x08002063   Thumb Code     2  heapauxi.o(.text)
    __rt_heap_descriptor                     0x08002065   Thumb Code     8  rt_heap_descriptor_intlibspace.o(.text)
    __use_no_heap                            0x0800206d   Thumb Code     2  hguard.o(.text)
    __heap$guard                             0x0800206f   Thumb Code     2  hguard.o(.text)
    _terminate_user_alloc                    0x08002071   Thumb Code     2  init_alloc.o(.text)
    _init_user_alloc                         0x08002073   Thumb Code     2  init_alloc.o(.text)
    __Heap_Full                              0x08002075   Thumb Code    34  init_alloc.o(.text)
    __Heap_Broken                            0x08002097   Thumb Code     6  init_alloc.o(.text)
    _init_alloc                              0x0800209d   Thumb Code    94  init_alloc.o(.text)
    __Heap_Initialize                        0x080020fb   Thumb Code    10  h1_init.o(.text)
    __Heap_DescSize                          0x08002105   Thumb Code     4  h1_init.o(.text)
    _printf_pre_padding                      0x08002109   Thumb Code    46  _printf_pad.o(.text)
    _printf_post_padding                     0x08002137   Thumb Code    36  _printf_pad.o(.text)
    _printf_truncate_signed                  0x0800215b   Thumb Code    18  _printf_truncate.o(.text)
    _printf_truncate_unsigned                0x0800216d   Thumb Code    18  _printf_truncate.o(.text)
    _printf_str                              0x0800217f   Thumb Code    82  _printf_str.o(.text)
    _printf_int_dec                          0x080021d1   Thumb Code   102  _printf_dec.o(.text)
    _printf_charcount                        0x08002249   Thumb Code    42  _printf_charcount.o(.text)
    _printf_char_common                      0x0800227f   Thumb Code    32  _printf_char_common.o(.text)
    _sputc                                   0x080022a5   Thumb Code    10  _sputc.o(.text)
    _printf_wctomb                           0x080022b1   Thumb Code   182  _printf_wctomb.o(.text)
    _printf_longlong_dec                     0x0800236d   Thumb Code   104  _printf_longlong_dec.o(.text)
    _printf_longlong_oct                     0x080023e5   Thumb Code    76  _printf_oct_int_ll.o(.text)
    _printf_int_oct                          0x08002431   Thumb Code    24  _printf_oct_int_ll.o(.text)
    _printf_ll_oct                           0x08002449   Thumb Code    12  _printf_oct_int_ll.o(.text)
    _printf_longlong_hex                     0x0800245d   Thumb Code    92  _printf_hex_int_ll_ptr.o(.text)
    _printf_int_hex                          0x080024b9   Thumb Code    28  _printf_hex_int_ll_ptr.o(.text)
    _printf_ll_hex                           0x080024d5   Thumb Code    12  _printf_hex_int_ll_ptr.o(.text)
    _printf_hex_ptr                          0x080024e1   Thumb Code    18  _printf_hex_int_ll_ptr.o(.text)
    __printf                                 0x080024f9   Thumb Code   390  __printf_flags_ss_wp.o(.text)
    __user_libspace                          0x08002685   Thumb Code     8  libspace.o(.text)
    __user_perproc_libspace                  0x08002685   Thumb Code     0  libspace.o(.text)
    __user_perthread_libspace                0x08002685   Thumb Code     0  libspace.o(.text)
    __Heap_ProvideMemory                     0x0800268d   Thumb Code    52  h1_extend.o(.text)
    _ll_udiv10                               0x080026c1   Thumb Code   138  lludiv10.o(.text)
    _printf_int_common                       0x0800274b   Thumb Code   184  _printf_intcommon.o(.text)
    __lib_sel_fp_printf                      0x08002803   Thumb Code     2  _printf_fp_dec.o(.text)
    _printf_fp_dec_real                      0x080029af   Thumb Code   628  _printf_fp_dec.o(.text)
    _printf_cs_common                        0x08002c23   Thumb Code    20  _printf_char.o(.text)
    _printf_char                             0x08002c37   Thumb Code    16  _printf_char.o(.text)
    _printf_string                           0x08002c47   Thumb Code     8  _printf_char.o(.text)
    _printf_lcs_common                       0x08002c4f   Thumb Code    20  _printf_wchar.o(.text)
    _printf_wchar                            0x08002c63   Thumb Code    16  _printf_wchar.o(.text)
    _printf_wstring                          0x08002c73   Thumb Code     8  _printf_wchar.o(.text)
    _wcrtomb                                 0x08002c7b   Thumb Code    64  _wcrtomb.o(.text)
    __rt_SIGRTMEM                            0x08002cbb   Thumb Code    14  defsig_rtmem_outer.o(.text)
    __I$use$semihosting                      0x08002cc9   Thumb Code     0  use_no_semi.o(.text)
    __use_no_semihosting_swi                 0x08002cc9   Thumb Code     2  use_no_semi.o(.text)
    __semihosting_library_function           0x08002ccb   Thumb Code     0  indicate_semi.o(.text)
    __user_setup_stackheap                   0x08002ccb   Thumb Code    74  sys_stackheap_outer.o(.text)
    __rt_ctype_table                         0x08002d15   Thumb Code    16  rt_ctype_table.o(.text)
    __rt_locale                              0x08002d25   Thumb Code     8  rt_locale_intlibspace.o(.text)
    _printf_fp_infnan                        0x08002d2d   Thumb Code   112  _printf_fp_infnan.o(.text)
    _btod_etento                             0x08002dad   Thumb Code   222  bigflt0.o(.text)
    exit                                     0x08002e91   Thumb Code    12  exit.o(.text)
    __sig_exit                               0x08002e9d   Thumb Code    10  defsig_exit.o(.text)
    __rt_SIGRTMEM_inner                      0x08002ea9   Thumb Code    22  defsig_rtmem_inner.o(.text)
    _sys_exit                                0x08002ef9   Thumb Code     8  sys_exit.o(.text)
    __default_signal_display                 0x08002f05   Thumb Code    50  defsig_general.o(.text)
    strcmp                                   0x08002f39   Thumb Code   128  strcmpv7m.o(.text)
    _ttywrch                                 0x08002fb9   Thumb Code    14  sys_wrch.o(.text)
    _btod_d2e                                0x08002fc7   Thumb Code    62  btod.o(CL$$btod_d2e)
    _d2e_denorm_low                          0x08003005   Thumb Code    70  btod.o(CL$$btod_d2e_denorm_low)
    _d2e_norm_op1                            0x0800304b   Thumb Code    96  btod.o(CL$$btod_d2e_norm_op1)
    __btod_div_common                        0x080030ab   Thumb Code   696  btod.o(CL$$btod_div_common)
    _e2e                                     0x080033e3   Thumb Code   198  btod.o(CL$$btod_e2e)
    _btod_ediv                               0x080034a9   Thumb Code    40  btod.o(CL$$btod_ediv)
    _btod_emul                               0x080034d1   Thumb Code    40  btod.o(CL$$btod_emul)
    __btod_mult_common                       0x080034f9   Thumb Code   580  btod.o(CL$$btod_mult_common)
    NIX_PendSvContextSwitch                  0x0800373d   Thumb Code     0  nix_core_a.o(NIX_CORE_A)
    NIX_SwitchToTask                         0x08003795   Thumb Code     0  nix_core_a.o(NIX_CORE_A)
    NIX_TaskOccurSwi                         0x080037bb   Thumb Code     0  nix_core_a.o(NIX_CORE_A)
    NIX_GetXpsr                              0x080037bf   Thumb Code     0  nix_core_a.o(NIX_CORE_A)
    __ARM_fpclassify                         0x080037d1   Thumb Code    40  fpclassify.o(i.__ARM_fpclassify)
    _is_digit                                0x080037f9   Thumb Code    14  __printf_wp.o(i._is_digit)
    _get_lc_numeric                          0x08003809   Thumb Code    44  lc_numeric_c.o(locale$$code)
    _get_lc_ctype                            0x08003835   Thumb Code    44  lc_ctype_c.o(locale$$code)
    _printf_fp_dec                           0x08003861   Thumb Code     4  printf1.o(x$fpl$printf1)
    __I$use$fp                               0x08003864   Number         0  usenofp.o(x$fpl$usenofp)
    caucTaskPrioUnmapTab                     0x08003864   Data         256  nix_core_c.o(.constdata)
    Region$$Table$$Base                      0x08003a3c   Number         0  anon$$obj.o(Region$$Table)
    Region$$Table$$Limit                     0x08003a5c   Number         0  anon$$obj.o(Region$$Table)
    __ctype                                  0x08003a85   Data           0  lc_ctype_c.o(locale$$data)
    DEV_DelayMs                              0x08039005   Thumb Code    26  unoptimize.o(.text)
    SystemCoreClock                          0x20000014   Data           4  system_stm32f10x.o(.data)
    AHBPrescTable                            0x20000018   Data          16  system_stm32f10x.o(.data)
    gpstrSerialTaskTcb                       0x20000028   Data           4  test.o(.data)
    gpstrTask4Tcb                            0x2000002c   Data           4  test.o(.data)
    guiIntLockCounter                        0x20000030   Data           4  nix_chip.o(.data)
    guiSystemStatus                          0x20000034   Data           4  nix_core_c.o(.data)
    gstrDelayTab                             0x20000038   Data           8  nix_core_c.o(.data)
    guiTick                                  0x20000040   Data           4  nix_core_c.o(.data)
    gucTickSched                             0x20000044   Data           1  nix_core_c.o(.data)
    gpstrCurTaskReg                          0x20000048   Data           4  nix_core_c.o(.data)
    gpstrNextTaskReg                         0x2000004c   Data           4  nix_core_c.o(.data)
    gpstrCurTcb                              0x20000050   Data           4  nix_core_c.o(.data)
    gpstrRootTaskTcb                         0x20000054   Data           4  nix_core_c.o(.data)
    gpstrIdleTaskTcb                         0x20000058   Data           4  nix_core_c.o(.data)
    guiUser                                  0x2000005c   Data           4  nix_core_c.o(.data)
    gvfTaskCreateHook                        0x20000060   Data           4  nix_task.o(.data)
    gvfTaskSwitchHook                        0x20000064   Data           4  nix_task.o(.data)
    gvfTaskDeleteHook                        0x20000068   Data           4  nix_task.o(.data)
    gstrBufPool                              0x2000006c   Data        2248  device.o(.bss)
    gstrSerialMsgQue                         0x20000934   Data          12  test.o(.bss)
    gstrReadyTab                             0x20000940   Data          68  nix_core_c.o(.bss)
    __libspace_start                         0x20000984   Data          96  libspace.o(.bss)
    __temporary_stack_top$libspace           0x200009e4   Data           0  libspace.o(.bss)



==============================================================================

Memory Map of the image

  Image Entry point : 0x08000131

  Load Region LR_IROM1 (Base: 0x08000000, Size: 0x00003bf4, Max: 0x00039000, ABSOLUTE)

    Execution Region ER_IROM1 (Base: 0x08000000, Size: 0x00003b88, Max: 0x00039000, ABSOLUTE)

    Base Addr    Size         Type   Attr      Idx    E Section Name        Object

    0x08000000   0x00000130   Data   RO          380    RESET               startup_stm32f10x_hd.o
    0x08000130   0x00000008   Code   RO          730  * !!!main             c_w.l(__main.o)
    0x08000138   0x00000034   Code   RO         1085    !!!scatter          c_w.l(__scatter.o)
    0x0800016c   0x0000001a   Code   RO         1087    !!handler_copy      c_w.l(__scatter_copy.o)
    0x08000186   0x00000002   PAD
    0x08000188   0x0000001c   Code   RO         1089    !!handler_zi        c_w.l(__scatter_zi.o)
    0x080001a4   0x00000000   Code   RO          841    .ARM.Collect$$_printf_percent$$00000000  c_w.l(_printf_percent.o)
    0x080001a4   0x00000006   Code   RO          830    .ARM.Collect$$_printf_percent$$00000001  c_w.l(_printf_n.o)
    0x080001aa   0x00000006   Code   RO          832    .ARM.Collect$$_printf_percent$$00000002  c_w.l(_printf_p.o)
    0x080001b0   0x00000006   Code   RO          837    .ARM.Collect$$_printf_percent$$00000003  c_w.l(_printf_f.o)
    0x080001b6   0x00000006   Code   RO          838    .ARM.Collect$$_printf_percent$$00000004  c_w.l(_printf_e.o)
    0x080001bc   0x00000006   Code   RO          839    .ARM.Collect$$_printf_percent$$00000005  c_w.l(_printf_g.o)
    0x080001c2   0x00000006   Code   RO          840    .ARM.Collect$$_printf_percent$$00000006  c_w.l(_printf_a.o)
    0x080001c8   0x0000000a   Code   RO          845    .ARM.Collect$$_printf_percent$$00000007  c_w.l(_printf_ll.o)
    0x080001d2   0x00000006   Code   RO          834    .ARM.Collect$$_printf_percent$$00000008  c_w.l(_printf_i.o)
    0x080001d8   0x00000006   Code   RO          835    .ARM.Collect$$_printf_percent$$00000009  c_w.l(_printf_d.o)
    0x080001de   0x00000006   Code   RO          836    .ARM.Collect$$_printf_percent$$0000000A  c_w.l(_printf_u.o)
    0x080001e4   0x00000006   Code   RO          833    .ARM.Collect$$_printf_percent$$0000000B  c_w.l(_printf_o.o)
    0x080001ea   0x00000006   Code   RO          831    .ARM.Collect$$_printf_percent$$0000000C  c_w.l(_printf_x.o)
    0x080001f0   0x00000006   Code   RO          842    .ARM.Collect$$_printf_percent$$0000000D  c_w.l(_printf_lli.o)
    0x080001f6   0x00000006   Code   RO          843    .ARM.Collect$$_printf_percent$$0000000E  c_w.l(_printf_lld.o)
    0x080001fc   0x00000006   Code   RO          844    .ARM.Collect$$_printf_percent$$0000000F  c_w.l(_printf_llu.o)
    0x08000202   0x00000006   Code   RO          849    .ARM.Collect$$_printf_percent$$00000010  c_w.l(_printf_llo.o)
    0x08000208   0x00000006   Code   RO          850    .ARM.Collect$$_printf_percent$$00000011  c_w.l(_printf_llx.o)
    0x0800020e   0x0000000a   Code   RO          846    .ARM.Collect$$_printf_percent$$00000012  c_w.l(_printf_l.o)
    0x08000218   0x00000006   Code   RO          828    .ARM.Collect$$_printf_percent$$00000013  c_w.l(_printf_c.o)
    0x0800021e   0x00000006   Code   RO          829    .ARM.Collect$$_printf_percent$$00000014  c_w.l(_printf_s.o)
    0x08000224   0x00000006   Code   RO          847    .ARM.Collect$$_printf_percent$$00000015  c_w.l(_printf_lc.o)
    0x0800022a   0x00000006   Code   RO          848    .ARM.Collect$$_printf_percent$$00000016  c_w.l(_printf_ls.o)
    0x08000230   0x00000004   Code   RO          940    .ARM.Collect$$_printf_percent$$00000017  c_w.l(_printf_percent_end.o)
    0x08000234   0x00000002   Code   RO         1015    .ARM.Collect$$libinit$$00000000  c_w.l(libinit.o)
    0x08000236   0x00000000   Code   RO          856    .ARM.Collect$$libinit$$00000002  c_w.l(libinit2.o)
    0x08000236   0x00000008   Code   RO          857    .ARM.Collect$$libinit$$00000003  c_w.l(libinit2.o)
    0x0800023e   0x00000000   Code   RO          859    .ARM.Collect$$libinit$$00000008  c_w.l(libinit2.o)
    0x0800023e   0x00000000   Code   RO          861    .ARM.Collect$$libinit$$0000000A  c_w.l(libinit2.o)
    0x0800023e   0x00000000   Code   RO          863    .ARM.Collect$$libinit$$0000000C  c_w.l(libinit2.o)
    0x0800023e   0x00000006   Code   RO          864    .ARM.Collect$$libinit$$0000000D  c_w.l(libinit2.o)
    0x08000244   0x00000000   Code   RO          866    .ARM.Collect$$libinit$$0000000F  c_w.l(libinit2.o)
    0x08000244   0x0000000c   Code   RO          867    .ARM.Collect$$libinit$$00000010  c_w.l(libinit2.o)
    0x08000250   0x00000000   Code   RO          868    .ARM.Collect$$libinit$$00000011  c_w.l(libinit2.o)
    0x08000250   0x00000000   Code   RO          870    .ARM.Collect$$libinit$$00000013  c_w.l(libinit2.o)
    0x08000250   0x0000000a   Code   RO          871    .ARM.Collect$$libinit$$00000014  c_w.l(libinit2.o)
    0x0800025a   0x00000000   Code   RO          872    .ARM.Collect$$libinit$$00000015  c_w.l(libinit2.o)
    0x0800025a   0x00000000   Code   RO          874    .ARM.Collect$$libinit$$00000017  c_w.l(libinit2.o)
    0x0800025a   0x00000000   Code   RO          876    .ARM.Collect$$libinit$$00000019  c_w.l(libinit2.o)
    0x0800025a   0x00000000   Code   RO          878    .ARM.Collect$$libinit$$0000001B  c_w.l(libinit2.o)
    0x0800025a   0x00000000   Code   RO          880    .ARM.Collect$$libinit$$0000001D  c_w.l(libinit2.o)
    0x0800025a   0x00000000   Code   RO          882    .ARM.Collect$$libinit$$0000001F  c_w.l(libinit2.o)
    0x0800025a   0x00000000   Code   RO          884    .ARM.Collect$$libinit$$00000021  c_w.l(libinit2.o)
    0x0800025a   0x00000000   Code   RO          886    .ARM.Collect$$libinit$$00000023  c_w.l(libinit2.o)
    0x0800025a   0x00000000   Code   RO          890    .ARM.Collect$$libinit$$0000002A  c_w.l(libinit2.o)
    0x0800025a   0x00000000   Code   RO          892    .ARM.Collect$$libinit$$0000002C  c_w.l(libinit2.o)
    0x0800025a   0x00000000   Code   RO          894    .ARM.Collect$$libinit$$0000002E  c_w.l(libinit2.o)
    0x0800025a   0x00000000   Code   RO          896    .ARM.Collect$$libinit$$00000030  c_w.l(libinit2.o)
    0x0800025a   0x00000002   Code   RO          897    .ARM.Collect$$libinit$$00000031  c_w.l(libinit2.o)
    0x0800025c   0x00000002   Code   RO         1082    .ARM.Collect$$libshutdown$$00000000  c_w.l(libshutdown.o)
    0x0800025e   0x00000000   Code   RO         1040    .ARM.Collect$$libshutdown$$00000003  c_w.l(libshutdown2.o)
    0x0800025e   0x00000000   Code   RO         1043    .ARM.Collect$$libshutdown$$00000006  c_w.l(libshutdown2.o)
    0x0800025e   0x00000000   Code   RO         1046    .ARM.Collect$$libshutdown$$00000009  c_w.l(libshutdown2.o)
    0x0800025e   0x00000000   Code   RO         1048    .ARM.Collect$$libshutdown$$0000000B  c_w.l(libshutdown2.o)
    0x0800025e   0x00000000   Code   RO         1051    .ARM.Collect$$libshutdown$$0000000E  c_w.l(libshutdown2.o)
    0x0800025e   0x00000002   Code   RO         1052    .ARM.Collect$$libshutdown$$0000000F  c_w.l(libshutdown2.o)
    0x08000260   0x00000000   Code   RO          734    .ARM.Collect$$rtentry$$00000000  c_w.l(rtentry.o)
    0x08000260   0x00000000   Code   RO          906    .ARM.Collect$$rtentry$$00000002  c_w.l(rtentry2.o)
    0x08000260   0x00000006   Code   RO          918    .ARM.Collect$$rtentry$$00000004  c_w.l(rtentry4.o)
    0x08000266   0x00000000   Code   RO          908    .ARM.Collect$$rtentry$$00000009  c_w.l(rtentry2.o)
    0x08000266   0x00000004   Code   RO          909    .ARM.Collect$$rtentry$$0000000A  c_w.l(rtentry2.o)
    0x0800026a   0x00000000   Code   RO          911    .ARM.Collect$$rtentry$$0000000C  c_w.l(rtentry2.o)
    0x0800026a   0x00000008   Code   RO          912    .ARM.Collect$$rtentry$$0000000D  c_w.l(rtentry2.o)
    0x08000272   0x00000002   Code   RO         1023    .ARM.Collect$$rtexit$$00000000  c_w.l(rtexit.o)
    0x08000274   0x00000000   Code   RO         1056    .ARM.Collect$$rtexit$$00000002  c_w.l(rtexit2.o)
    0x08000274   0x00000004   Code   RO         1057    .ARM.Collect$$rtexit$$00000003  c_w.l(rtexit2.o)
    0x08000278   0x00000006   Code   RO         1058    .ARM.Collect$$rtexit$$00000004  c_w.l(rtexit2.o)
    0x0800027e   0x00000002   PAD
    0x08000280   0x00000000   Code   RO          922    .emb_text           c_w.l(maybetermalloc1.o)
    0x08000280   0x00000358   Code   RO          244    .text               stm32f10x_gpio.o
    0x080005d8   0x000003a4   Code   RO          292    .text               stm32f10x_rcc.o
    0x0800097c   0x00000408   Code   RO          354    .text               stm32f10x_usart.o
    0x08000d84   0x00000040   Code   RO          381    .text               startup_stm32f10x_hd.o
    0x08000dc4   0x0000016c   Code   RO          385    .text               device.o
    0x08000f30   0x00000130   Code   RO          441    .text               nix_userroot.o
    0x08001060   0x00000038   Code   RO          460    .text               stm32f10x_it.o
    0x08001098   0x000001dc   Code   RO          475    .text               system_stm32f10x.o
    0x08001274   0x000002bc   Code   RO          493    .text               test.o
    0x08001530   0x000001e0   Code   RO          528    .text               nix_chip.o
    0x08001710   0x00000364   Code   RO          570    .text               nix_core_c.o
    0x08001a74   0x000000b4   Code   RO          594    .text               nix_list.o
    0x08001b28   0x00000388   Code   RO          606    .text               nix_task.o
    0x08001eb0   0x0000009e   Code   RO          644    .text               nix_queue.o
    0x08001f4e   0x0000005e   Code   RO          666    .text               c_w.l(h1_alloc.o)
    0x08001fac   0x0000004e   Code   RO          668    .text               c_w.l(h1_free.o)
    0x08001ffa   0x00000002   PAD
    0x08001ffc   0x00000024   Code   RO          724    .text               c_w.l(c89vsprintf.o)
    0x08002020   0x0000003e   Code   RO          726    .text               c_w.l(strlen.o)
    0x0800205e   0x00000006   Code   RO          728    .text               c_w.l(heapauxi.o)
    0x08002064   0x00000008   Code   RO          738    .text               c_w.l(rt_heap_descriptor_intlibspace.o)
    0x0800206c   0x00000004   Code   RO          740    .text               c_w.l(hguard.o)
    0x08002070   0x0000008a   Code   RO          742    .text               c_w.l(init_alloc.o)
    0x080020fa   0x0000000e   Code   RO          746    .text               c_w.l(h1_init.o)
    0x08002108   0x00000052   Code   RO          762    .text               c_w.l(_printf_pad.o)
    0x0800215a   0x00000024   Code   RO          764    .text               c_w.l(_printf_truncate.o)
    0x0800217e   0x00000052   Code   RO          766    .text               c_w.l(_printf_str.o)
    0x080021d0   0x00000078   Code   RO          768    .text               c_w.l(_printf_dec.o)
    0x08002248   0x0000002a   Code   RO          770    .text               c_w.l(_printf_charcount.o)
    0x08002272   0x00000002   PAD
    0x08002274   0x00000030   Code   RO          772    .text               c_w.l(_printf_char_common.o)
    0x080022a4   0x0000000a   Code   RO          774    .text               c_w.l(_sputc.o)
    0x080022ae   0x00000002   PAD
    0x080022b0   0x000000bc   Code   RO          776    .text               c_w.l(_printf_wctomb.o)
    0x0800236c   0x00000078   Code   RO          779    .text               c_w.l(_printf_longlong_dec.o)
    0x080023e4   0x00000078   Code   RO          785    .text               c_w.l(_printf_oct_int_ll.o)
    0x0800245c   0x0000009c   Code   RO          805    .text               c_w.l(_printf_hex_int_ll_ptr.o)
    0x080024f8   0x0000018c   Code   RO          825    .text               c_w.l(__printf_flags_ss_wp.o)
    0x08002684   0x00000008   Code   RO          902    .text               c_w.l(libspace.o)
    0x0800268c   0x00000034   Code   RO          924    .text               c_w.l(h1_extend.o)
    0x080026c0   0x0000008a   Code   RO          928    .text               c_w.l(lludiv10.o)
    0x0800274a   0x000000b8   Code   RO          930    .text               c_w.l(_printf_intcommon.o)
    0x08002802   0x00000420   Code   RO          932    .text               c_w.l(_printf_fp_dec.o)
    0x08002c22   0x0000002c   Code   RO          936    .text               c_w.l(_printf_char.o)
    0x08002c4e   0x0000002c   Code   RO          938    .text               c_w.l(_printf_wchar.o)
    0x08002c7a   0x00000040   Code   RO          941    .text               c_w.l(_wcrtomb.o)
    0x08002cba   0x0000000e   Code   RO          943    .text               c_w.l(defsig_rtmem_outer.o)
    0x08002cc8   0x00000002   Code   RO          954    .text               c_w.l(use_no_semi.o)
    0x08002cca   0x00000000   Code   RO          956    .text               c_w.l(indicate_semi.o)
    0x08002cca   0x0000004a   Code   RO          957    .text               c_w.l(sys_stackheap_outer.o)
    0x08002d14   0x00000010   Code   RO          959    .text               c_w.l(rt_ctype_table.o)
    0x08002d24   0x00000008   Code   RO          966    .text               c_w.l(rt_locale_intlibspace.o)
    0x08002d2c   0x00000080   Code   RO          970    .text               c_w.l(_printf_fp_infnan.o)
    0x08002dac   0x000000e4   Code   RO          972    .text               c_w.l(bigflt0.o)
    0x08002e90   0x0000000c   Code   RO         1000    .text               c_w.l(exit.o)
    0x08002e9c   0x0000000a   Code   RO         1002    .text               c_w.l(defsig_exit.o)
    0x08002ea6   0x00000002   PAD
    0x08002ea8   0x00000050   Code   RO         1004    .text               c_w.l(defsig_rtmem_inner.o)
    0x08002ef8   0x0000000c   Code   RO         1021    .text               c_w.l(sys_exit.o)
    0x08002f04   0x00000032   Code   RO         1034    .text               c_w.l(defsig_general.o)
    0x08002f36   0x00000002   PAD
    0x08002f38   0x00000080   Code   RO         1036    .text               c_w.l(strcmpv7m.o)
    0x08002fb8   0x0000000e   Code   RO         1053    .text               c_w.l(sys_wrch.o)
    0x08002fc6   0x0000003e   Code   RO          975    CL$$btod_d2e        c_w.l(btod.o)
    0x08003004   0x00000046   Code   RO          977    CL$$btod_d2e_denorm_low  c_w.l(btod.o)
    0x0800304a   0x00000060   Code   RO          976    CL$$btod_d2e_norm_op1  c_w.l(btod.o)
    0x080030aa   0x00000338   Code   RO          985    CL$$btod_div_common  c_w.l(btod.o)
    0x080033e2   0x000000c6   Code   RO          982    CL$$btod_e2e        c_w.l(btod.o)
    0x080034a8   0x00000028   Code   RO          979    CL$$btod_ediv       c_w.l(btod.o)
    0x080034d0   0x00000028   Code   RO          978    CL$$btod_emul       c_w.l(btod.o)
    0x080034f8   0x00000244   Code   RO          984    CL$$btod_mult_common  c_w.l(btod.o)
    0x0800373c   0x00000094   Code   RO          567    NIX_CORE_A          nix_core_a.o
    0x080037d0   0x00000028   Code   RO         1019    i.__ARM_fpclassify  m_ws.l(fpclassify.o)
    0x080037f8   0x0000000e   Code   RO          818    i._is_digit         c_w.l(__printf_wp.o)
    0x08003806   0x00000002   PAD
    0x08003808   0x0000002c   Code   RO          998    locale$$code        c_w.l(lc_numeric_c.o)
    0x08003834   0x0000002c   Code   RO         1030    locale$$code        c_w.l(lc_ctype_c.o)
    0x08003860   0x00000004   Code   RO          898    x$fpl$printf1       fz_ws.l(printf1.o)
    0x08003864   0x00000000   Code   RO         1018    x$fpl$usenofp       fz_ws.l(usenofp.o)
    0x08003864   0x00000100   Data   RO          572    .constdata          nix_core_c.o
    0x08003964   0x00000008   Data   RO          777    .constdata          c_w.l(_printf_wctomb.o)
    0x0800396c   0x00000028   Data   RO          806    .constdata          c_w.l(_printf_hex_int_ll_ptr.o)
    0x08003994   0x00000011   Data   RO          826    .constdata          c_w.l(__printf_flags_ss_wp.o)
    0x080039a5   0x00000003   PAD
    0x080039a8   0x00000094   Data   RO          973    .constdata          c_w.l(bigflt0.o)
    0x08003a3c   0x00000020   Data   RO         1083    Region$$Table       anon$$obj.o
    0x08003a5c   0x0000001c   Data   RO          997    locale$$data        c_w.l(lc_numeric_c.o)
    0x08003a78   0x00000110   Data   RO         1029    locale$$data        c_w.l(lc_ctype_c.o)


    Execution Region RW_IRAM1 (Base: 0x20000000, Size: 0x00004be8, Max: 0x0000c000, ABSOLUTE)

    Base Addr    Size         Type   Attr      Idx    E Section Name        Object

    0x20000000   0x00000014   Data   RW          293    .data               stm32f10x_rcc.o
    0x20000014   0x00000014   Data   RW          476    .data               system_stm32f10x.o
    0x20000028   0x00000008   Data   RW          495    .data               test.o
    0x20000030   0x00000004   Data   RW          529    .data               nix_chip.o
    0x20000034   0x0000002c   Data   RW          573    .data               nix_core_c.o
    0x20000060   0x0000000c   Data   RW          607    .data               nix_task.o
    0x2000006c   0x000008c8   Zero   RW          386    .bss                device.o
    0x20000934   0x0000000c   Zero   RW          494    .bss                test.o
    0x20000940   0x00000044   Zero   RW          571    .bss                nix_core_c.o
    0x20000984   0x00000060   Zero   RW          903    .bss                c_w.l(libspace.o)
    0x200009e4   0x00000004   PAD
    0x200009e8   0x00004000   Zero   RW          379    HEAP                startup_stm32f10x_hd.o
    0x200049e8   0x00000200   Zero   RW          378    STACK               startup_stm32f10x_hd.o



  Load Region LR_IROM2 (Base: 0x08039004, Size: 0x0000001c, Max: 0x00006ffc, ABSOLUTE)

    Execution Region ER_IROM2 (Base: 0x08039004, Size: 0x0000001c, Max: 0x00006ffc, ABSOLUTE)

    Base Addr    Size         Type   Attr      Idx    E Section Name        Object

    0x08039004   0x0000001a   Code   RO          516    .text               unoptimize.o


==============================================================================

Image component sizes


      Code (inc. data)   RO Data    RW Data    ZI Data      Debug   Object Name

         0          0          0          0          0       4244   core_cm3.o
       364         28          0          0       2248       5582   device.o
         0          0          0          0          0     226204   misc.o
       480         24          0          4          0      18055   nix_chip.o
       148         12          0          0          0        252   nix_core_a.o
       868         78        256         44         68       6107   nix_core_c.o
       180          0          0          0          0       2185   nix_list.o
       158          0          0          0          0       1672   nix_queue.o
       904         38          0         12          0       7310   nix_task.o
       304        100          0          0          0        676   nix_userroot.o
        64         26        304          0      16896        748   startup_stm32f10x_hd.o
       856         40          0          0          0       5617   stm32f10x_gpio.o
        56          6          0          0          0       1322   stm32f10x_it.o
       932         44          0         20          0       8748   stm32f10x_rcc.o
      1032         22          0          0          0       8344   stm32f10x_usart.o
       476         36          0         20          0       1651   system_stm32f10x.o
       700        332          0          8         12       2957   test.o
        26          0          0          0          0        454   unoptimize.o

    ----------------------------------------------------------------------
      7550        786        592        108      19224     302128   Object Totals
         0          0         32          0          0          0   (incl. Generated)
         2          0          0          0          0          0   (incl. Padding)

    ----------------------------------------------------------------------

      Code (inc. data)   RO Data    RW Data    ZI Data      Debug   Library Member Name

         8          0          0          0          0         68   __main.o
       396          6         17          0          0         92   __printf_flags_ss_wp.o
        14          0          0          0          0         68   __printf_wp.o
        52          8          0          0          0          0   __scatter.o
        26          0          0          0          0          0   __scatter_copy.o
        28          0          0          0          0          0   __scatter_zi.o
         6          0          0          0          0          0   _printf_a.o
         6          0          0          0          0          0   _printf_c.o
        44          0          0          0          0        108   _printf_char.o
        48          6          0          0          0         96   _printf_char_common.o
        42          0          0          0          0         68   _printf_charcount.o
         6          0          0          0          0          0   _printf_d.o
       120         18          0          0          0         92   _printf_dec.o
         6          0          0          0          0          0   _printf_e.o
         6          0          0          0          0          0   _printf_f.o
      1056          0          0          0          0        212   _printf_fp_dec.o
       128         16          0          0          0         84   _printf_fp_infnan.o
         6          0          0          0          0          0   _printf_g.o
       156          6         40          0          0        160   _printf_hex_int_ll_ptr.o
         6          0          0          0          0          0   _printf_i.o
       184          0          0          0          0         88   _printf_intcommon.o
        10          0          0          0          0          0   _printf_l.o
         6          0          0          0          0          0   _printf_lc.o
        10          0          0          0          0          0   _printf_ll.o
         6          0          0          0          0          0   _printf_lld.o
         6          0          0          0          0          0   _printf_lli.o
         6          0          0          0          0          0   _printf_llo.o
         6          0          0          0          0          0   _printf_llu.o
         6          0          0          0          0          0   _printf_llx.o
       120         16          0          0          0         92   _printf_longlong_dec.o
         6          0          0          0          0          0   _printf_ls.o
         6          0          0          0          0          0   _printf_n.o
         6          0          0          0          0          0   _printf_o.o
       120          8          0          0          0        124   _printf_oct_int_ll.o
         6          0          0          0          0          0   _printf_p.o
        82          0          0          0          0        108   _printf_pad.o
         0          0          0          0          0          0   _printf_percent.o
         4          0          0          0          0          0   _printf_percent_end.o
         6          0          0          0          0          0   _printf_s.o
        82          0          0          0          0         80   _printf_str.o
        36          0          0          0          0         84   _printf_truncate.o
         6          0          0          0          0          0   _printf_u.o
        44          0          0          0          0        108   _printf_wchar.o
       188          6          8          0          0         92   _printf_wctomb.o
         6          0          0          0          0          0   _printf_x.o
        10          0          0          0          0         68   _sputc.o
        64          0          0          0          0         92   _wcrtomb.o
       228          6        148          0          0         96   bigflt0.o
      1910        128          0          0          0        672   btod.o
        36          4          0          0          0         76   c89vsprintf.o
        10          0          0          0          0         68   defsig_exit.o
        50          0          0          0          0         88   defsig_general.o
        80         58          0          0          0         76   defsig_rtmem_inner.o
        14          0          0          0          0         80   defsig_rtmem_outer.o
        12          0          0          0          0         72   exit.o
        94          0          0          0          0         80   h1_alloc.o
        52          0          0          0          0         68   h1_extend.o
        78          0          0          0          0         80   h1_free.o
        14          0          0          0          0         84   h1_init.o
         6          0          0          0          0        152   heapauxi.o
         4          0          0          0          0        136   hguard.o
         0          0          0          0          0          0   indicate_semi.o
       138          0          0          0          0        168   init_alloc.o
        44         10        272          0          0         76   lc_ctype_c.o
        44         10         28          0          0         76   lc_numeric_c.o
         2          0          0          0          0          0   libinit.o
        38          0          0          0          0          0   libinit2.o
         2          0          0          0          0          0   libshutdown.o
         2          0          0          0          0          0   libshutdown2.o
         8          4          0          0         96         68   libspace.o
       138          0          0          0          0         80   lludiv10.o
         0          0          0          0          0          0   maybetermalloc1.o
        16          4          0          0          0         76   rt_ctype_table.o
         8          4          0          0          0         68   rt_heap_descriptor_intlibspace.o
         8          4          0          0          0         68   rt_locale_intlibspace.o
         0          0          0          0          0          0   rtentry.o
        12          0          0          0          0          0   rtentry2.o
         6          0          0          0          0          0   rtentry4.o
         2          0          0          0          0          0   rtexit.o
        10          0          0          0          0          0   rtexit2.o
       128          0          0          0          0         68   strcmpv7m.o
        62          0          0          0          0         76   strlen.o
        12          4          0          0          0         68   sys_exit.o
        74          0          0          0          0         80   sys_stackheap_outer.o
        14          0          0          0          0         76   sys_wrch.o
         2          0          0          0          0         68   use_no_semi.o
         4          0          0          0          0         68   printf1.o
         0          0          0          0          0          0   usenofp.o
        40          0          0          0          0         68   fpclassify.o

    ----------------------------------------------------------------------
      6610        326        516          0        100       5064   Library Totals
        16          0          3          0          4          0   (incl. Padding)

    ----------------------------------------------------------------------

      Code (inc. data)   RO Data    RW Data    ZI Data      Debug   Library Name

      6550        326        513          0         96       4928   c_w.l
         4          0          0          0          0         68   fz_ws.l
        40          0          0          0          0         68   m_ws.l

    ----------------------------------------------------------------------
      6610        326        516          0        100       5064   Library Totals

    ----------------------------------------------------------------------

==============================================================================


      Code (inc. data)   RO Data    RW Data    ZI Data      Debug   

     14160       1112       1108        108      19324     302824   Grand Totals
     14160       1112       1108        108      19324     302824   ELF Image Totals
     14160       1112       1108        108          0          0   ROM Totals

==============================================================================

    Total RO  Size (Code + RO Data)                15268 (  14.91kB)
    Total RW  Size (RW Data + ZI Data)             19432 (  18.98kB)
    Total ROM Size (Code + RO Data + RW Data)      15376 (  15.02kB)

==============================================================================

